Archive member included because of file (symbol)

c:/program files (x86)/atollic/truestudio for arm lite 5.3.0/armtools/bin/../lib/gcc/arm-atollic-eabi/4.8.3/../../../../arm-atollic-eabi/lib/armv6-m\libc.a(lib_a-init.o)
                              TrueSTUDIO\startup_stm32f0xx.o (__libc_init_array)
c:/program files (x86)/atollic/truestudio for arm lite 5.3.0/armtools/bin/../lib/gcc/arm-atollic-eabi/4.8.3/armv6-m\libgcc.a(_udivsi3.o)
                              User\system_stm32f0xx.o (__aeabi_uidiv)
c:/program files (x86)/atollic/truestudio for arm lite 5.3.0/armtools/bin/../lib/gcc/arm-atollic-eabi/4.8.3/armv6-m\libgcc.a(_dvmd_tls.o)
                              c:/program files (x86)/atollic/truestudio for arm lite 5.3.0/armtools/bin/../lib/gcc/arm-atollic-eabi/4.8.3/armv6-m\libgcc.a(_udivsi3.o) (__aeabi_idiv0)

Allocating common symbols
Common symbol       size              file

RegularConvData_Tab
                    0x4               User\main.o
TIM_ICInitStructure
                    0xa               User\main.o

Discarded input sections

 .text          0x00000000        0x0 c:/program files (x86)/atollic/truestudio for arm lite 5.3.0/armtools/bin/../lib/gcc/arm-atollic-eabi/4.8.3/armv6-m/crti.o
 .data          0x00000000        0x0 c:/program files (x86)/atollic/truestudio for arm lite 5.3.0/armtools/bin/../lib/gcc/arm-atollic-eabi/4.8.3/armv6-m/crti.o
 .bss           0x00000000        0x0 c:/program files (x86)/atollic/truestudio for arm lite 5.3.0/armtools/bin/../lib/gcc/arm-atollic-eabi/4.8.3/armv6-m/crti.o
 .data          0x00000000        0x4 c:/program files (x86)/atollic/truestudio for arm lite 5.3.0/armtools/bin/../lib/gcc/arm-atollic-eabi/4.8.3/armv6-m/crtbegin.o
 .text          0x00000000        0x0 User\system_stm32f0xx.o
 .data          0x00000000        0x0 User\system_stm32f0xx.o
 .bss           0x00000000        0x0 User\system_stm32f0xx.o
 .text.SystemCoreClockUpdate
                0x00000000       0x68 User\system_stm32f0xx.o
 .data.AHBPrescTable
                0x00000000       0x10 User\system_stm32f0xx.o
 .text          0x00000000        0x0 User\stm32f0xx_it.o
 .data          0x00000000        0x0 User\stm32f0xx_it.o
 .bss           0x00000000        0x0 User\stm32f0xx_it.o
 .text          0x00000000        0x0 User\main.o
 .data          0x00000000        0x0 User\main.o
 .bss           0x00000000        0x0 User\main.o
 .bss.VrefIntVoltmv
                0x00000000        0x4 User\main.o
 .bss.TempSensVoltmv
                0x00000000        0x4 User\main.o
 .text          0x00000000       0x14 TrueSTUDIO\startup_stm32f0xx.o
 .data          0x00000000        0x0 TrueSTUDIO\startup_stm32f0xx.o
 .bss           0x00000000        0x0 TrueSTUDIO\startup_stm32f0xx.o
 .text          0x00000000        0x0 STM32F0xx_StdPeriph_Driver\stm32f0xx_tim.o
 .data          0x00000000        0x0 STM32F0xx_StdPeriph_Driver\stm32f0xx_tim.o
 .bss           0x00000000        0x0 STM32F0xx_StdPeriph_Driver\stm32f0xx_tim.o
 .text.TIM_DeInit
                0x00000000       0xd0 STM32F0xx_StdPeriph_Driver\stm32f0xx_tim.o
 .text.TIM_TimeBaseInit
                0x00000000       0x78 STM32F0xx_StdPeriph_Driver\stm32f0xx_tim.o
 .text.TIM_TimeBaseStructInit
                0x00000000       0x12 STM32F0xx_StdPeriph_Driver\stm32f0xx_tim.o
 .text.TIM_PrescalerConfig
                0x00000000        0x6 STM32F0xx_StdPeriph_Driver\stm32f0xx_tim.o
 .text.TIM_CounterModeConfig
                0x00000000        0xc STM32F0xx_StdPeriph_Driver\stm32f0xx_tim.o
 .text.TIM_SetCounter
                0x00000000        0x4 STM32F0xx_StdPeriph_Driver\stm32f0xx_tim.o
 .text.TIM_SetAutoreload
                0x00000000        0x4 STM32F0xx_StdPeriph_Driver\stm32f0xx_tim.o
 .text.TIM_GetCounter
                0x00000000        0x4 STM32F0xx_StdPeriph_Driver\stm32f0xx_tim.o
 .text.TIM_GetPrescaler
                0x00000000        0x6 STM32F0xx_StdPeriph_Driver\stm32f0xx_tim.o
 .text.TIM_UpdateDisableConfig
                0x00000000       0x14 STM32F0xx_StdPeriph_Driver\stm32f0xx_tim.o
 .text.TIM_UpdateRequestConfig
                0x00000000       0x14 STM32F0xx_StdPeriph_Driver\stm32f0xx_tim.o
 .text.TIM_ARRPreloadConfig
                0x00000000       0x14 STM32F0xx_StdPeriph_Driver\stm32f0xx_tim.o
 .text.TIM_SelectOnePulseMode
                0x00000000       0x10 STM32F0xx_StdPeriph_Driver\stm32f0xx_tim.o
 .text.TIM_SetClockDivision
                0x00000000       0x14 STM32F0xx_StdPeriph_Driver\stm32f0xx_tim.o
 .text.TIM_BDTRConfig
                0x00000000       0x20 STM32F0xx_StdPeriph_Driver\stm32f0xx_tim.o
 .text.TIM_BDTRStructInit
                0x00000000       0x12 STM32F0xx_StdPeriph_Driver\stm32f0xx_tim.o
 .text.TIM_CtrlPWMOutputs
                0x00000000       0x1a STM32F0xx_StdPeriph_Driver\stm32f0xx_tim.o
 .text.TIM_OC1Init
                0x00000000       0x7c STM32F0xx_StdPeriph_Driver\stm32f0xx_tim.o
 .text.TIM_OC2Init
                0x00000000       0x7c STM32F0xx_StdPeriph_Driver\stm32f0xx_tim.o
 .text.TIM_OC3Init
                0x00000000       0x84 STM32F0xx_StdPeriph_Driver\stm32f0xx_tim.o
 .text.TIM_OC4Init
                0x00000000       0x64 STM32F0xx_StdPeriph_Driver\stm32f0xx_tim.o
 .text.TIM_OCStructInit
                0x00000000       0x14 STM32F0xx_StdPeriph_Driver\stm32f0xx_tim.o
 .text.TIM_SelectOCxM
                0x00000000       0x48 STM32F0xx_StdPeriph_Driver\stm32f0xx_tim.o
 .text.TIM_SetCompare1
                0x00000000        0x4 STM32F0xx_StdPeriph_Driver\stm32f0xx_tim.o
 .text.TIM_SetCompare2
                0x00000000        0x4 STM32F0xx_StdPeriph_Driver\stm32f0xx_tim.o
 .text.TIM_SetCompare3
                0x00000000        0x4 STM32F0xx_StdPeriph_Driver\stm32f0xx_tim.o
 .text.TIM_SetCompare4
                0x00000000        0x4 STM32F0xx_StdPeriph_Driver\stm32f0xx_tim.o
 .text.TIM_ForcedOC1Config
                0x00000000        0xc STM32F0xx_StdPeriph_Driver\stm32f0xx_tim.o
 .text.TIM_ForcedOC2Config
                0x00000000       0x18 STM32F0xx_StdPeriph_Driver\stm32f0xx_tim.o
 .text.TIM_ForcedOC3Config
                0x00000000        0xc STM32F0xx_StdPeriph_Driver\stm32f0xx_tim.o
 .text.TIM_ForcedOC4Config
                0x00000000       0x18 STM32F0xx_StdPeriph_Driver\stm32f0xx_tim.o
 .text.TIM_CCPreloadControl
                0x00000000       0x14 STM32F0xx_StdPeriph_Driver\stm32f0xx_tim.o
 .text.TIM_OC1PreloadConfig
                0x00000000        0xc STM32F0xx_StdPeriph_Driver\stm32f0xx_tim.o
 .text.TIM_OC2PreloadConfig
                0x00000000       0x18 STM32F0xx_StdPeriph_Driver\stm32f0xx_tim.o
 .text.TIM_OC3PreloadConfig
                0x00000000        0xc STM32F0xx_StdPeriph_Driver\stm32f0xx_tim.o
 .text.TIM_OC4PreloadConfig
                0x00000000       0x18 STM32F0xx_StdPeriph_Driver\stm32f0xx_tim.o
 .text.TIM_OC1FastConfig
                0x00000000        0xc STM32F0xx_StdPeriph_Driver\stm32f0xx_tim.o
 .text.TIM_OC2FastConfig
                0x00000000       0x18 STM32F0xx_StdPeriph_Driver\stm32f0xx_tim.o
 .text.TIM_OC3FastConfig
                0x00000000        0xc STM32F0xx_StdPeriph_Driver\stm32f0xx_tim.o
 .text.TIM_OC4FastConfig
                0x00000000       0x18 STM32F0xx_StdPeriph_Driver\stm32f0xx_tim.o
 .text.TIM_ClearOC1Ref
                0x00000000        0xc STM32F0xx_StdPeriph_Driver\stm32f0xx_tim.o
 .text.TIM_ClearOC2Ref
                0x00000000       0x10 STM32F0xx_StdPeriph_Driver\stm32f0xx_tim.o
 .text.TIM_ClearOC3Ref
                0x00000000        0xc STM32F0xx_StdPeriph_Driver\stm32f0xx_tim.o
 .text.TIM_ClearOC4Ref
                0x00000000       0x10 STM32F0xx_StdPeriph_Driver\stm32f0xx_tim.o
 .text.TIM_OC1PolarityConfig
                0x00000000        0xc STM32F0xx_StdPeriph_Driver\stm32f0xx_tim.o
 .text.TIM_OC1NPolarityConfig
                0x00000000        0xc STM32F0xx_StdPeriph_Driver\stm32f0xx_tim.o
 .text.TIM_OC2PolarityConfig
                0x00000000       0x12 STM32F0xx_StdPeriph_Driver\stm32f0xx_tim.o
 .text.TIM_OC2NPolarityConfig
                0x00000000       0x12 STM32F0xx_StdPeriph_Driver\stm32f0xx_tim.o
 .text.TIM_OC3PolarityConfig
                0x00000000       0x18 STM32F0xx_StdPeriph_Driver\stm32f0xx_tim.o
 .text.TIM_OC3NPolarityConfig
                0x00000000       0x18 STM32F0xx_StdPeriph_Driver\stm32f0xx_tim.o
 .text.TIM_OC4PolarityConfig
                0x00000000       0x18 STM32F0xx_StdPeriph_Driver\stm32f0xx_tim.o
 .text.TIM_SelectOCREFClear
                0x00000000       0x10 STM32F0xx_StdPeriph_Driver\stm32f0xx_tim.o
 .text.TIM_CCxCmd
                0x00000000       0x1a STM32F0xx_StdPeriph_Driver\stm32f0xx_tim.o
 .text.TIM_CCxNCmd
                0x00000000       0x1a STM32F0xx_StdPeriph_Driver\stm32f0xx_tim.o
 .text.TIM_SelectCOM
                0x00000000       0x14 STM32F0xx_StdPeriph_Driver\stm32f0xx_tim.o
 .text.TIM_ICStructInit
                0x00000000       0x10 STM32F0xx_StdPeriph_Driver\stm32f0xx_tim.o
 .text.TIM_GetCapture3
                0x00000000        0x4 STM32F0xx_StdPeriph_Driver\stm32f0xx_tim.o
 .text.TIM_GetCapture4
                0x00000000        0x4 STM32F0xx_StdPeriph_Driver\stm32f0xx_tim.o
 .text.TIM_SetIC3Prescaler
                0x00000000       0x10 STM32F0xx_StdPeriph_Driver\stm32f0xx_tim.o
 .text.TIM_SetIC4Prescaler
                0x00000000       0x18 STM32F0xx_StdPeriph_Driver\stm32f0xx_tim.o
 .text.TIM_ICInit
                0x00000000       0xc0 STM32F0xx_StdPeriph_Driver\stm32f0xx_tim.o
 .text.TIM_GenerateEvent
                0x00000000        0x4 STM32F0xx_StdPeriph_Driver\stm32f0xx_tim.o
 .text.TIM_GetFlagStatus
                0x00000000        0xc STM32F0xx_StdPeriph_Driver\stm32f0xx_tim.o
 .text.TIM_ClearFlag
                0x00000000        0x8 STM32F0xx_StdPeriph_Driver\stm32f0xx_tim.o
 .text.TIM_GetITStatus
                0x00000000       0x16 STM32F0xx_StdPeriph_Driver\stm32f0xx_tim.o
 .text.TIM_DMAConfig
                0x00000000        0x8 STM32F0xx_StdPeriph_Driver\stm32f0xx_tim.o
 .text.TIM_DMACmd
                0x00000000       0x12 STM32F0xx_StdPeriph_Driver\stm32f0xx_tim.o
 .text.TIM_SelectCCDMA
                0x00000000       0x14 STM32F0xx_StdPeriph_Driver\stm32f0xx_tim.o
 .text.TIM_InternalClockConfig
                0x00000000        0xa STM32F0xx_StdPeriph_Driver\stm32f0xx_tim.o
 .text.TIM_ITRxExternalClockConfig
                0x00000000       0x14 STM32F0xx_StdPeriph_Driver\stm32f0xx_tim.o
 .text.TIM_TIxExternalClockConfig
                0x00000000       0x2c STM32F0xx_StdPeriph_Driver\stm32f0xx_tim.o
 .text.TIM_SelectOutputTrigger
                0x00000000       0x10 STM32F0xx_StdPeriph_Driver\stm32f0xx_tim.o
 .text.TIM_ETRConfig
                0x00000000       0x14 STM32F0xx_StdPeriph_Driver\stm32f0xx_tim.o
 .text.TIM_ETRClockMode1Config
                0x00000000       0x14 STM32F0xx_StdPeriph_Driver\stm32f0xx_tim.o
 .text.TIM_ETRClockMode2Config
                0x00000000       0x14 STM32F0xx_StdPeriph_Driver\stm32f0xx_tim.o
 .text.TIM_EncoderInterfaceConfig
                0x00000000       0x30 STM32F0xx_StdPeriph_Driver\stm32f0xx_tim.o
 .text.TIM_SelectHallSensor
                0x00000000       0x14 STM32F0xx_StdPeriph_Driver\stm32f0xx_tim.o
 .text.TIM_RemapConfig
                0x00000000        0x6 STM32F0xx_StdPeriph_Driver\stm32f0xx_tim.o
 .text          0x00000000        0x0 STM32F0xx_StdPeriph_Driver\stm32f0xx_rcc.o
 .data          0x00000000        0x0 STM32F0xx_StdPeriph_Driver\stm32f0xx_rcc.o
 .bss           0x00000000        0x0 STM32F0xx_StdPeriph_Driver\stm32f0xx_rcc.o
 .text.RCC_DeInit
                0x00000000       0x60 STM32F0xx_StdPeriph_Driver\stm32f0xx_rcc.o
 .text.RCC_HSEConfig
                0x00000000       0x10 STM32F0xx_StdPeriph_Driver\stm32f0xx_rcc.o
 .text.RCC_AdjustHSICalibrationValue
                0x00000000       0x14 STM32F0xx_StdPeriph_Driver\stm32f0xx_rcc.o
 .text.RCC_HSICmd
                0x00000000       0x1c STM32F0xx_StdPeriph_Driver\stm32f0xx_rcc.o
 .text.RCC_AdjustHSI14CalibrationValue
                0x00000000       0x14 STM32F0xx_StdPeriph_Driver\stm32f0xx_rcc.o
 .text.RCC_HSI14Cmd
                0x00000000       0x1c STM32F0xx_StdPeriph_Driver\stm32f0xx_rcc.o
 .text.RCC_HSI14ADCRequestCmd
                0x00000000       0x1c STM32F0xx_StdPeriph_Driver\stm32f0xx_rcc.o
 .text.RCC_LSEConfig
                0x00000000       0x20 STM32F0xx_StdPeriph_Driver\stm32f0xx_rcc.o
 .text.RCC_LSEDriveConfig
                0x00000000       0x18 STM32F0xx_StdPeriph_Driver\stm32f0xx_rcc.o
 .text.RCC_LSICmd
                0x00000000       0x1c STM32F0xx_StdPeriph_Driver\stm32f0xx_rcc.o
 .text.RCC_PLLConfig
                0x00000000       0x20 STM32F0xx_StdPeriph_Driver\stm32f0xx_rcc.o
 .text.RCC_PLLCmd
                0x00000000       0x20 STM32F0xx_StdPeriph_Driver\stm32f0xx_rcc.o
 .text.RCC_PREDIV1Config
                0x00000000       0x14 STM32F0xx_StdPeriph_Driver\stm32f0xx_rcc.o
 .text.RCC_ClockSecuritySystemCmd
                0x00000000       0x20 STM32F0xx_StdPeriph_Driver\stm32f0xx_rcc.o
 .text.RCC_MCOConfig
                0x00000000        0xc STM32F0xx_StdPeriph_Driver\stm32f0xx_rcc.o
 .text.RCC_SYSCLKConfig
                0x00000000       0x14 STM32F0xx_StdPeriph_Driver\stm32f0xx_rcc.o
 .text.RCC_GetSYSCLKSource
                0x00000000       0x10 STM32F0xx_StdPeriph_Driver\stm32f0xx_rcc.o
 .text.RCC_HCLKConfig
                0x00000000       0x14 STM32F0xx_StdPeriph_Driver\stm32f0xx_rcc.o
 .text.RCC_PCLKConfig
                0x00000000       0x18 STM32F0xx_StdPeriph_Driver\stm32f0xx_rcc.o
 .text.RCC_ADCCLKConfig
                0x00000000       0x30 STM32F0xx_StdPeriph_Driver\stm32f0xx_rcc.o
 .text.RCC_CECCLKConfig
                0x00000000       0x18 STM32F0xx_StdPeriph_Driver\stm32f0xx_rcc.o
 .text.RCC_I2CCLKConfig
                0x00000000       0x18 STM32F0xx_StdPeriph_Driver\stm32f0xx_rcc.o
 .text.RCC_USARTCLKConfig
                0x00000000       0x18 STM32F0xx_StdPeriph_Driver\stm32f0xx_rcc.o
 .text.RCC_RTCCLKConfig
                0x00000000       0x10 STM32F0xx_StdPeriph_Driver\stm32f0xx_rcc.o
 .text.RCC_RTCCLKCmd
                0x00000000       0x20 STM32F0xx_StdPeriph_Driver\stm32f0xx_rcc.o
 .text.RCC_BackupResetCmd
                0x00000000       0x20 STM32F0xx_StdPeriph_Driver\stm32f0xx_rcc.o
 .text.RCC_AHBPeriphResetCmd
                0x00000000       0x18 STM32F0xx_StdPeriph_Driver\stm32f0xx_rcc.o
 .text.RCC_APB2PeriphResetCmd
                0x00000000       0x18 STM32F0xx_StdPeriph_Driver\stm32f0xx_rcc.o
 .text.RCC_APB1PeriphResetCmd
                0x00000000       0x18 STM32F0xx_StdPeriph_Driver\stm32f0xx_rcc.o
 .text.RCC_ITConfig
                0x00000000       0x18 STM32F0xx_StdPeriph_Driver\stm32f0xx_rcc.o
 .text.RCC_GetFlagStatus
                0x00000000       0x30 STM32F0xx_StdPeriph_Driver\stm32f0xx_rcc.o
 .text.RCC_WaitForHSEStartUp
                0x00000000       0x2e STM32F0xx_StdPeriph_Driver\stm32f0xx_rcc.o
 .text.RCC_ClearFlag
                0x00000000       0x14 STM32F0xx_StdPeriph_Driver\stm32f0xx_rcc.o
 .text.RCC_GetITStatus
                0x00000000       0x14 STM32F0xx_StdPeriph_Driver\stm32f0xx_rcc.o
 .text.RCC_ClearITPendingBit
                0x00000000        0xc STM32F0xx_StdPeriph_Driver\stm32f0xx_rcc.o
 .text          0x00000000        0x0 STM32F0xx_StdPeriph_Driver\stm32f0xx_misc.o
 .data          0x00000000        0x0 STM32F0xx_StdPeriph_Driver\stm32f0xx_misc.o
 .bss           0x00000000        0x0 STM32F0xx_StdPeriph_Driver\stm32f0xx_misc.o
 .text.NVIC_SystemLPConfig
                0x00000000       0x18 STM32F0xx_StdPeriph_Driver\stm32f0xx_misc.o
 .text.SysTick_CLKSourceConfig
                0x00000000       0x1c STM32F0xx_StdPeriph_Driver\stm32f0xx_misc.o
 .text          0x00000000        0x0 STM32F0xx_StdPeriph_Driver\stm32f0xx_gpio.o
 .data          0x00000000        0x0 STM32F0xx_StdPeriph_Driver\stm32f0xx_gpio.o
 .bss           0x00000000        0x0 STM32F0xx_StdPeriph_Driver\stm32f0xx_gpio.o
 .text.GPIO_DeInit
                0x00000000       0x88 STM32F0xx_StdPeriph_Driver\stm32f0xx_gpio.o
 .text.GPIO_StructInit
                0x00000000       0x18 STM32F0xx_StdPeriph_Driver\stm32f0xx_gpio.o
 .text.GPIO_PinLockConfig
                0x00000000       0x24 STM32F0xx_StdPeriph_Driver\stm32f0xx_gpio.o
 .text.GPIO_ReadInputDataBit
                0x00000000        0xc STM32F0xx_StdPeriph_Driver\stm32f0xx_gpio.o
 .text.GPIO_ReadInputData
                0x00000000        0x6 STM32F0xx_StdPeriph_Driver\stm32f0xx_gpio.o
 .text.GPIO_ReadOutputDataBit
                0x00000000        0xc STM32F0xx_StdPeriph_Driver\stm32f0xx_gpio.o
 .text.GPIO_ReadOutputData
                0x00000000        0x6 STM32F0xx_StdPeriph_Driver\stm32f0xx_gpio.o
 .text.GPIO_SetBits
                0x00000000        0x4 STM32F0xx_StdPeriph_Driver\stm32f0xx_gpio.o
 .text.GPIO_ResetBits
                0x00000000        0x4 STM32F0xx_StdPeriph_Driver\stm32f0xx_gpio.o
 .text.GPIO_WriteBit
                0x00000000        0xc STM32F0xx_StdPeriph_Driver\stm32f0xx_gpio.o
 .text.GPIO_Write
                0x00000000        0x4 STM32F0xx_StdPeriph_Driver\stm32f0xx_gpio.o
 .text          0x00000000        0x0 STM32F0-Discovery\stm32f0_discovery.o
 .data          0x00000000        0x0 STM32F0-Discovery\stm32f0_discovery.o
 .bss           0x00000000        0x0 STM32F0-Discovery\stm32f0_discovery.o
 .text.STM_EVAL_LEDOff
                0x00000000       0x18 STM32F0-Discovery\stm32f0_discovery.o
 .text.STM_EVAL_PBInit
                0x00000000       0x6c STM32F0-Discovery\stm32f0_discovery.o
 .text.STM_EVAL_PBGetState
                0x00000000       0x14 STM32F0-Discovery\stm32f0_discovery.o
 .rodata.BUTTON_IRQn
                0x00000000        0x2 STM32F0-Discovery\stm32f0_discovery.o
 .rodata.BUTTON_PIN
                0x00000000        0x2 STM32F0-Discovery\stm32f0_discovery.o
 .rodata.BUTTON_CLK
                0x00000000        0x4 STM32F0-Discovery\stm32f0_discovery.o
 .rodata.BUTTON_PORT_SOURCE
                0x00000000        0x2 STM32F0-Discovery\stm32f0_discovery.o
 .data.BUTTON_PORT
                0x00000000        0x4 STM32F0-Discovery\stm32f0_discovery.o
 .rodata.BUTTON_PIN_SOURCE
                0x00000000        0x2 STM32F0-Discovery\stm32f0_discovery.o
 .rodata.BUTTON_EXTI_LINE
                0x00000000        0x2 STM32F0-Discovery\stm32f0_discovery.o
 .text          0x00000000        0x0 c:/program files (x86)/atollic/truestudio for arm lite 5.3.0/armtools/bin/../lib/gcc/arm-atollic-eabi/4.8.3/../../../../arm-atollic-eabi/lib/armv6-m\libc.a(lib_a-init.o)
 .data          0x00000000        0x0 c:/program files (x86)/atollic/truestudio for arm lite 5.3.0/armtools/bin/../lib/gcc/arm-atollic-eabi/4.8.3/../../../../arm-atollic-eabi/lib/armv6-m\libc.a(lib_a-init.o)
 .bss           0x00000000        0x0 c:/program files (x86)/atollic/truestudio for arm lite 5.3.0/armtools/bin/../lib/gcc/arm-atollic-eabi/4.8.3/../../../../arm-atollic-eabi/lib/armv6-m\libc.a(lib_a-init.o)
 .data          0x00000000        0x0 c:/program files (x86)/atollic/truestudio for arm lite 5.3.0/armtools/bin/../lib/gcc/arm-atollic-eabi/4.8.3/armv6-m\libgcc.a(_udivsi3.o)
 .bss           0x00000000        0x0 c:/program files (x86)/atollic/truestudio for arm lite 5.3.0/armtools/bin/../lib/gcc/arm-atollic-eabi/4.8.3/armv6-m\libgcc.a(_udivsi3.o)
 .data          0x00000000        0x0 c:/program files (x86)/atollic/truestudio for arm lite 5.3.0/armtools/bin/../lib/gcc/arm-atollic-eabi/4.8.3/armv6-m\libgcc.a(_dvmd_tls.o)
 .bss           0x00000000        0x0 c:/program files (x86)/atollic/truestudio for arm lite 5.3.0/armtools/bin/../lib/gcc/arm-atollic-eabi/4.8.3/armv6-m\libgcc.a(_dvmd_tls.o)
 .text          0x00000000        0x0 c:/program files (x86)/atollic/truestudio for arm lite 5.3.0/armtools/bin/../lib/gcc/arm-atollic-eabi/4.8.3/armv6-m/crtend.o
 .data          0x00000000        0x0 c:/program files (x86)/atollic/truestudio for arm lite 5.3.0/armtools/bin/../lib/gcc/arm-atollic-eabi/4.8.3/armv6-m/crtend.o
 .bss           0x00000000        0x0 c:/program files (x86)/atollic/truestudio for arm lite 5.3.0/armtools/bin/../lib/gcc/arm-atollic-eabi/4.8.3/armv6-m/crtend.o
 .eh_frame      0x00000000        0x4 c:/program files (x86)/atollic/truestudio for arm lite 5.3.0/armtools/bin/../lib/gcc/arm-atollic-eabi/4.8.3/armv6-m/crtend.o
 .ARM.attributes
                0x00000000       0x2c c:/program files (x86)/atollic/truestudio for arm lite 5.3.0/armtools/bin/../lib/gcc/arm-atollic-eabi/4.8.3/armv6-m/crtend.o
 .text          0x00000000        0x0 c:/program files (x86)/atollic/truestudio for arm lite 5.3.0/armtools/bin/../lib/gcc/arm-atollic-eabi/4.8.3/armv6-m/crtn.o
 .data          0x00000000        0x0 c:/program files (x86)/atollic/truestudio for arm lite 5.3.0/armtools/bin/../lib/gcc/arm-atollic-eabi/4.8.3/armv6-m/crtn.o
 .bss           0x00000000        0x0 c:/program files (x86)/atollic/truestudio for arm lite 5.3.0/armtools/bin/../lib/gcc/arm-atollic-eabi/4.8.3/armv6-m/crtn.o

Memory Configuration

Name             Origin             Length             Attributes
FLASH            0x08000000         0x00010000         xr
RAM              0x20000000         0x00002000         xrw
MEMORY_B1        0x60000000         0x00000000         xr
*default*        0x00000000         0xffffffff

Linker script and memory map

LOAD c:/program files (x86)/atollic/truestudio for arm lite 5.3.0/armtools/bin/../lib/gcc/arm-atollic-eabi/4.8.3/armv6-m/crti.o
LOAD c:/program files (x86)/atollic/truestudio for arm lite 5.3.0/armtools/bin/../lib/gcc/arm-atollic-eabi/4.8.3/armv6-m/crtbegin.o
LOAD User\system_stm32f0xx.o
LOAD User\stm32f0xx_it.o
LOAD User\main.o
LOAD TrueSTUDIO\startup_stm32f0xx.o
LOAD STM32F0xx_StdPeriph_Driver\stm32f0xx_tim.o
LOAD STM32F0xx_StdPeriph_Driver\stm32f0xx_rcc.o
LOAD STM32F0xx_StdPeriph_Driver\stm32f0xx_misc.o
LOAD STM32F0xx_StdPeriph_Driver\stm32f0xx_gpio.o
LOAD STM32F0-Discovery\stm32f0_discovery.o
START GROUP
LOAD c:/program files (x86)/atollic/truestudio for arm lite 5.3.0/armtools/bin/../lib/gcc/arm-atollic-eabi/4.8.3/../../../../arm-atollic-eabi/lib/armv6-m\libc.a
LOAD c:/program files (x86)/atollic/truestudio for arm lite 5.3.0/armtools/bin/../lib/gcc/arm-atollic-eabi/4.8.3/../../../../arm-atollic-eabi/lib/armv6-m\libm.a
END GROUP
                0x00001000                malloc_getpagesize_P = 0x1000
START GROUP
LOAD c:/program files (x86)/atollic/truestudio for arm lite 5.3.0/armtools/bin/../lib/gcc/arm-atollic-eabi/4.8.3/armv6-m\libgcc.a
LOAD c:/program files (x86)/atollic/truestudio for arm lite 5.3.0/armtools/bin/../lib/gcc/arm-atollic-eabi/4.8.3/../../../../arm-atollic-eabi/lib/armv6-m\libc.a
END GROUP
LOAD c:/program files (x86)/atollic/truestudio for arm lite 5.3.0/armtools/bin/../lib/gcc/arm-atollic-eabi/4.8.3/armv6-m/crtend.o
LOAD c:/program files (x86)/atollic/truestudio for arm lite 5.3.0/armtools/bin/../lib/gcc/arm-atollic-eabi/4.8.3/armv6-m/crtn.o
                0x20002000                _estack = 0x20002000
                0x00000000                _Min_Heap_Size = 0x0
                0x00000400                _Min_Stack_Size = 0x400

.isr_vector     0x08000000       0xc4
                0x08000000                . = ALIGN (0x4)
 *(.isr_vector)
 .isr_vector    0x08000000       0xc4 TrueSTUDIO\startup_stm32f0xx.o
                0x08000000                g_pfnVectors
                0x080000c4                . = ALIGN (0x4)

.text           0x080000c4      0x994
                0x080000c4                . = ALIGN (0x4)
 *(.text)
 .text          0x080000c4       0x48 c:/program files (x86)/atollic/truestudio for arm lite 5.3.0/armtools/bin/../lib/gcc/arm-atollic-eabi/4.8.3/armv6-m/crtbegin.o
 .text          0x0800010c       0x9c c:/program files (x86)/atollic/truestudio for arm lite 5.3.0/armtools/bin/../lib/gcc/arm-atollic-eabi/4.8.3/armv6-m\libgcc.a(_udivsi3.o)
                0x0800010c                __aeabi_uidiv
                0x0800010c                __udivsi3
                0x08000194                __aeabi_uidivmod
 .text          0x080001a8        0x4 c:/program files (x86)/atollic/truestudio for arm lite 5.3.0/armtools/bin/../lib/gcc/arm-atollic-eabi/4.8.3/armv6-m\libgcc.a(_dvmd_tls.o)
                0x080001a8                __aeabi_idiv0
                0x080001a8                __aeabi_ldiv0
 *(.text*)
 .text.SystemInit
                0x080001ac       0xb4 User\system_stm32f0xx.o
                0x080001ac                SystemInit
 .text.NMI_Handler
                0x08000260        0x2 User\stm32f0xx_it.o
                0x08000260                NMI_Handler
 .text.HardFault_Handler
                0x08000262        0x2 User\stm32f0xx_it.o
                0x08000262                HardFault_Handler
 .text.SVC_Handler
                0x08000264        0x2 User\stm32f0xx_it.o
                0x08000264                SVC_Handler
 .text.PendSV_Handler
                0x08000266        0x2 User\stm32f0xx_it.o
                0x08000266                PendSV_Handler
 .text.SysTick_Handler
                0x08000268        0x8 User\stm32f0xx_it.o
                0x08000268                SysTick_Handler
 .text.TIM2_IRQHandler
                0x08000270       0x68 User\stm32f0xx_it.o
                0x08000270                TIM2_IRQHandler
 .text.DMA1_Channel2_3_IRQHandler
                0x080002d8       0x64 User\stm32f0xx_it.o
                0x080002d8                DMA1_Channel2_3_IRQHandler
 .text.TIM_Config
                0x0800033c       0x50 User\main.o
                0x0800033c                TIM_Config
 .text.ADC1_CH_DMA_Config
                0x0800038c      0x108 User\main.o
                0x0800038c                ADC1_CH_DMA_Config
 .text.Delay    0x08000494       0x18 User\main.o
                0x08000494                Delay
 .text.startup.main
                0x080004ac       0xe0 User\main.o
                0x080004ac                main
 .text.TimingDelay_Decrement
                0x0800058c       0x14 User\main.o
                0x0800058c                TimingDelay_Decrement
 .text.Reset_Handler
                0x080005a0       0x50 TrueSTUDIO\startup_stm32f0xx.o
                0x080005a0                Reset_Handler
 .text.Default_Handler
                0x080005f0        0x2 TrueSTUDIO\startup_stm32f0xx.o
                0x080005f0                TIM1_CC_IRQHandler
                0x080005f0                ADC1_COMP_IRQHandler
                0x080005f0                PVD_IRQHandler
                0x080005f0                I2C1_IRQHandler
                0x080005f0                SPI1_IRQHandler
                0x080005f0                TIM6_DAC_IRQHandler
                0x080005f0                EXTI2_3_IRQHandler
                0x080005f0                I2C2_IRQHandler
                0x080005f0                TIM17_IRQHandler
                0x080005f0                RTC_IRQHandler
                0x080005f0                TIM16_IRQHandler
                0x080005f0                TIM3_IRQHandler
                0x080005f0                EXTI4_15_IRQHandler
                0x080005f0                RCC_IRQHandler
                0x080005f0                DMA1_Channel1_IRQHandler
                0x080005f0                Default_Handler
                0x080005f0                CEC_IRQHandler
                0x080005f0                TIM14_IRQHandler
                0x080005f0                DMA1_Channel4_5_IRQHandler
                0x080005f0                TIM15_IRQHandler
                0x080005f0                EXTI0_1_IRQHandler
                0x080005f0                SPI2_IRQHandler
                0x080005f0                TS_IRQHandler
                0x080005f0                WWDG_IRQHandler
                0x080005f0                USART2_IRQHandler
                0x080005f0                FLASH_IRQHandler
                0x080005f0                USART1_IRQHandler
                0x080005f0                TIM1_BRK_UP_TRG_COM_IRQHandler
 .text.TI1_Config
                0x080005f2       0x28 STM32F0xx_StdPeriph_Driver\stm32f0xx_tim.o
 *fill*         0x0800061a        0x2 
 .text.TI2_Config
                0x0800061c       0x38 STM32F0xx_StdPeriph_Driver\stm32f0xx_tim.o
 .text.TIM_Cmd  0x08000654       0x14 STM32F0xx_StdPeriph_Driver\stm32f0xx_tim.o
                0x08000654                TIM_Cmd
 .text.TIM_GetCapture1
                0x08000668        0x4 STM32F0xx_StdPeriph_Driver\stm32f0xx_tim.o
                0x08000668                TIM_GetCapture1
 .text.TIM_GetCapture2
                0x0800066c        0x4 STM32F0xx_StdPeriph_Driver\stm32f0xx_tim.o
                0x0800066c                TIM_GetCapture2
 .text.TIM_SetIC1Prescaler
                0x08000670       0x10 STM32F0xx_StdPeriph_Driver\stm32f0xx_tim.o
                0x08000670                TIM_SetIC1Prescaler
 .text.TIM_SetIC2Prescaler
                0x08000680       0x18 STM32F0xx_StdPeriph_Driver\stm32f0xx_tim.o
                0x08000680                TIM_SetIC2Prescaler
 .text.TIM_PWMIConfig
                0x08000698       0x6a STM32F0xx_StdPeriph_Driver\stm32f0xx_tim.o
                0x08000698                TIM_PWMIConfig
 .text.TIM_ITConfig
                0x08000702       0x12 STM32F0xx_StdPeriph_Driver\stm32f0xx_tim.o
                0x08000702                TIM_ITConfig
 .text.TIM_ClearITPendingBit
                0x08000714        0x8 STM32F0xx_StdPeriph_Driver\stm32f0xx_tim.o
                0x08000714                TIM_ClearITPendingBit
 .text.TIM_SelectInputTrigger
                0x0800071c        0xc STM32F0xx_StdPeriph_Driver\stm32f0xx_tim.o
                0x0800071c                TIM_SelectInputTrigger
 .text.TIM_SelectSlaveMode
                0x08000728       0x10 STM32F0xx_StdPeriph_Driver\stm32f0xx_tim.o
                0x08000728                TIM_SelectSlaveMode
 .text.TIM_SelectMasterSlaveMode
                0x08000738       0x10 STM32F0xx_StdPeriph_Driver\stm32f0xx_tim.o
                0x08000738                TIM_SelectMasterSlaveMode
 .text.RCC_GetClocksFreq
                0x08000748       0xe8 STM32F0xx_StdPeriph_Driver\stm32f0xx_rcc.o
                0x08000748                RCC_GetClocksFreq
 .text.RCC_AHBPeriphClockCmd
                0x08000830       0x18 STM32F0xx_StdPeriph_Driver\stm32f0xx_rcc.o
                0x08000830                RCC_AHBPeriphClockCmd
 .text.RCC_APB2PeriphClockCmd
                0x08000848       0x18 STM32F0xx_StdPeriph_Driver\stm32f0xx_rcc.o
                0x08000848                RCC_APB2PeriphClockCmd
 .text.RCC_APB1PeriphClockCmd
                0x08000860       0x18 STM32F0xx_StdPeriph_Driver\stm32f0xx_rcc.o
                0x08000860                RCC_APB1PeriphClockCmd
 .text.NVIC_Init
                0x08000878       0x60 STM32F0xx_StdPeriph_Driver\stm32f0xx_misc.o
                0x08000878                NVIC_Init
 .text.GPIO_Init
                0x080008d8       0x76 STM32F0xx_StdPeriph_Driver\stm32f0xx_gpio.o
                0x080008d8                GPIO_Init
 .text.GPIO_PinAFConfig
                0x0800094e       0x24 STM32F0xx_StdPeriph_Driver\stm32f0xx_gpio.o
                0x0800094e                GPIO_PinAFConfig
 *fill*         0x08000972        0x2 
 .text.STM_EVAL_LEDInit
                0x08000974       0x40 STM32F0-Discovery\stm32f0_discovery.o
                0x08000974                STM_EVAL_LEDInit
 .text.STM_EVAL_LEDOn
                0x080009b4       0x18 STM32F0-Discovery\stm32f0_discovery.o
                0x080009b4                STM_EVAL_LEDOn
 .text.STM_EVAL_LEDToggle
                0x080009cc       0x1c STM32F0-Discovery\stm32f0_discovery.o
                0x080009cc                STM_EVAL_LEDToggle
 .text.__libc_init_array
                0x080009e8       0x4c c:/program files (x86)/atollic/truestudio for arm lite 5.3.0/armtools/bin/../lib/gcc/arm-atollic-eabi/4.8.3/../../../../arm-atollic-eabi/lib/armv6-m\libc.a(lib_a-init.o)
                0x080009e8                __libc_init_array
 *(.rodata)
 *(.rodata*)
 .rodata.GPIO_CLK
                0x08000a34        0x8 STM32F0-Discovery\stm32f0_discovery.o
                0x08000a34                GPIO_CLK
 .rodata.GPIO_PIN
                0x08000a3c        0x4 STM32F0-Discovery\stm32f0_discovery.o
                0x08000a3c                GPIO_PIN
 *(.glue_7)
 .glue_7        0x00000000        0x0 linker stubs
 *(.glue_7t)
 .glue_7t       0x00000000        0x0 linker stubs
 *(.eh_frame)
 .eh_frame      0x08000a40        0x0 c:/program files (x86)/atollic/truestudio for arm lite 5.3.0/armtools/bin/../lib/gcc/arm-atollic-eabi/4.8.3/armv6-m/crtbegin.o
 *(.init)
 .init          0x08000a40        0x4 c:/program files (x86)/atollic/truestudio for arm lite 5.3.0/armtools/bin/../lib/gcc/arm-atollic-eabi/4.8.3/armv6-m/crti.o
                0x08000a40                _init
 .init          0x08000a44        0x8 c:/program files (x86)/atollic/truestudio for arm lite 5.3.0/armtools/bin/../lib/gcc/arm-atollic-eabi/4.8.3/armv6-m/crtn.o
 *(.fini)
 .fini          0x08000a4c        0x4 c:/program files (x86)/atollic/truestudio for arm lite 5.3.0/armtools/bin/../lib/gcc/arm-atollic-eabi/4.8.3/armv6-m/crti.o
                0x08000a4c                _fini
 .fini          0x08000a50        0x8 c:/program files (x86)/atollic/truestudio for arm lite 5.3.0/armtools/bin/../lib/gcc/arm-atollic-eabi/4.8.3/armv6-m/crtn.o
                0x08000a58                . = ALIGN (0x4)
                0x08000a58                _etext = .

.vfp11_veneer   0x08000a58        0x0
 .vfp11_veneer  0x00000000        0x0 linker stubs

.v4_bx          0x08000a58        0x0
 .v4_bx         0x00000000        0x0 linker stubs

.iplt           0x08000a58        0x0
 .iplt          0x00000000        0x0 c:/program files (x86)/atollic/truestudio for arm lite 5.3.0/armtools/bin/../lib/gcc/arm-atollic-eabi/4.8.3/armv6-m/crtbegin.o

.rel.dyn        0x08000a58        0x0
 .rel.iplt      0x00000000        0x0 c:/program files (x86)/atollic/truestudio for arm lite 5.3.0/armtools/bin/../lib/gcc/arm-atollic-eabi/4.8.3/armv6-m/crtbegin.o

.ARM.extab
 *(.ARM.extab* .gnu.linkonce.armextab.*)

.ARM            0x08000a58        0x0
                0x08000a58                __exidx_start = .
 *(.ARM.exidx*)
                0x08000a58                __exidx_end = .

.preinit_array  0x08000a58        0x0
                0x08000a58                PROVIDE (__preinit_array_start, .)
 *(.preinit_array*)
                0x08000a58                PROVIDE (__preinit_array_end, .)

.init_array     0x08000a58        0x4
                0x08000a58                PROVIDE (__init_array_start, .)
 *(SORT(.init_array.*))
 *(.init_array*)
 .init_array    0x08000a58        0x4 c:/program files (x86)/atollic/truestudio for arm lite 5.3.0/armtools/bin/../lib/gcc/arm-atollic-eabi/4.8.3/armv6-m/crtbegin.o
                0x08000a5c                PROVIDE (__init_array_end, .)

.fini_array     0x08000a5c        0x4
                0x08000a5c                PROVIDE (__fini_array_start, .)
 *(.fini_array*)
 .fini_array    0x08000a5c        0x4 c:/program files (x86)/atollic/truestudio for arm lite 5.3.0/armtools/bin/../lib/gcc/arm-atollic-eabi/4.8.3/armv6-m/crtbegin.o
 *(SORT(.fini_array.*))
                0x08000a60                PROVIDE (__fini_array_end, .)
                0x08000a60                _sidata = .

.data           0x20000000       0x1c load address 0x08000a60
                0x20000000                . = ALIGN (0x4)
                0x20000000                _sdata = .
 *(.data)
 *(.data*)
 .data.SystemCoreClock
                0x20000000        0x4 User\system_stm32f0xx.o
                0x20000000                SystemCoreClock
 .data.APBAHBPrescTable
                0x20000004       0x10 STM32F0xx_StdPeriph_Driver\stm32f0xx_rcc.o
 .data.GPIO_PORT
                0x20000014        0x8 STM32F0-Discovery\stm32f0_discovery.o
                0x20000014                GPIO_PORT
                0x2000001c                . = ALIGN (0x4)
                0x2000001c                _edata = .

.igot.plt       0x2000001c        0x0 load address 0x08000a7c
 .igot.plt      0x00000000        0x0 c:/program files (x86)/atollic/truestudio for arm lite 5.3.0/armtools/bin/../lib/gcc/arm-atollic-eabi/4.8.3/armv6-m/crtbegin.o
                0x2000001c                . = ALIGN (0x4)

.bss            0x2000001c       0x3c load address 0x08000a7c
                0x2000001c                _sbss = .
                0x2000001c                __bss_start__ = _sbss
 *(.bss)
 .bss           0x2000001c       0x1c c:/program files (x86)/atollic/truestudio for arm lite 5.3.0/armtools/bin/../lib/gcc/arm-atollic-eabi/4.8.3/armv6-m/crtbegin.o
 *(.bss*)
 .bss.DutyCycle
                0x20000038        0x2 User\stm32f0xx_it.o
                0x20000038                DutyCycle
 *fill*         0x2000003a        0x2 
 .bss.Frequency
                0x2000003c        0x4 User\stm32f0xx_it.o
                0x2000003c                Frequency
 .bss.IC2Value  0x20000040        0x2 User\stm32f0xx_it.o
                0x20000040                IC2Value
 *fill*         0x20000042        0x2 
 .bss.TimingDelay
                0x20000044        0x4 User\main.o
 *(COMMON)
 COMMON         0x20000048        0xe User\main.o
                0x20000048                RegularConvData_Tab
                0x2000004c                TIM_ICInitStructure
                0x20000058                . = ALIGN (0x4)
 *fill*         0x20000056        0x2 
                0x20000058                _ebss = .
                0x20000058                __bss_end__ = _ebss

._user_heap_stack
                0x20000058      0x400 load address 0x08000ab8
                0x20000058                . = ALIGN (0x4)
                0x20000058                PROVIDE (end, .)
                0x20000058                PROVIDE (_end, .)
                0x20000058                . = (. + _Min_Heap_Size)
                0x20000458                . = (. + _Min_Stack_Size)
 *fill*         0x20000058      0x400 
                0x20000458                . = ALIGN (0x4)

.memory_b1_text
 *(.mb1text)
 *(.mb1text*)
 *(.mb1rodata)
 *(.mb1rodata*)

/DISCARD/
 libc.a(*)
 libm.a(*)
 libgcc.a(*)

.ARM.attributes
                0x00000000       0x28
 *(.ARM.attributes)
 .ARM.attributes
                0x00000000       0x1e c:/program files (x86)/atollic/truestudio for arm lite 5.3.0/armtools/bin/../lib/gcc/arm-atollic-eabi/4.8.3/armv6-m/crti.o
 .ARM.attributes
                0x0000001e       0x2c c:/program files (x86)/atollic/truestudio for arm lite 5.3.0/armtools/bin/../lib/gcc/arm-atollic-eabi/4.8.3/armv6-m/crtbegin.o
 .ARM.attributes
                0x0000004a       0x31 User\system_stm32f0xx.o
 .ARM.attributes
                0x0000007b       0x31 User\stm32f0xx_it.o
 .ARM.attributes
                0x000000ac       0x31 User\main.o
 .ARM.attributes
                0x000000dd       0x21 TrueSTUDIO\startup_stm32f0xx.o
 .ARM.attributes
                0x000000fe       0x31 STM32F0xx_StdPeriph_Driver\stm32f0xx_tim.o
 .ARM.attributes
                0x0000012f       0x31 STM32F0xx_StdPeriph_Driver\stm32f0xx_rcc.o
 .ARM.attributes
                0x00000160       0x31 STM32F0xx_StdPeriph_Driver\stm32f0xx_misc.o
 .ARM.attributes
                0x00000191       0x31 STM32F0xx_StdPeriph_Driver\stm32f0xx_gpio.o
 .ARM.attributes
                0x000001c2       0x31 STM32F0-Discovery\stm32f0_discovery.o
 .ARM.attributes
                0x000001f3       0x2c c:/program files (x86)/atollic/truestudio for arm lite 5.3.0/armtools/bin/../lib/gcc/arm-atollic-eabi/4.8.3/../../../../arm-atollic-eabi/lib/armv6-m\libc.a(lib_a-init.o)
 .ARM.attributes
                0x0000021f       0x1e c:/program files (x86)/atollic/truestudio for arm lite 5.3.0/armtools/bin/../lib/gcc/arm-atollic-eabi/4.8.3/armv6-m\libgcc.a(_udivsi3.o)
 .ARM.attributes
                0x0000023d       0x1e c:/program files (x86)/atollic/truestudio for arm lite 5.3.0/armtools/bin/../lib/gcc/arm-atollic-eabi/4.8.3/armv6-m\libgcc.a(_dvmd_tls.o)
 .ARM.attributes
                0x0000025b       0x1e c:/program files (x86)/atollic/truestudio for arm lite 5.3.0/armtools/bin/../lib/gcc/arm-atollic-eabi/4.8.3/armv6-m/crtn.o
OUTPUT(TIM_PWM_Input.elf elf32-littlearm)

.debug_info     0x00000000     0x5acb
 .debug_info    0x00000000      0x2eb User\system_stm32f0xx.o
 .debug_info    0x000002eb      0x80b User\stm32f0xx_it.o
 .debug_info    0x00000af6     0x12a9 User\main.o
 .debug_info    0x00001d9f       0xfe TrueSTUDIO\startup_stm32f0xx.o
 .debug_info    0x00001e9d     0x2015 STM32F0xx_StdPeriph_Driver\stm32f0xx_tim.o
 .debug_info    0x00003eb2      0x9d1 STM32F0xx_StdPeriph_Driver\stm32f0xx_rcc.o
 .debug_info    0x00004883      0x36d STM32F0xx_StdPeriph_Driver\stm32f0xx_misc.o
 .debug_info    0x00004bf0      0x684 STM32F0xx_StdPeriph_Driver\stm32f0xx_gpio.o
 .debug_info    0x00005274      0x857 STM32F0-Discovery\stm32f0_discovery.o

.debug_abbrev   0x00000000      0xfc8
 .debug_abbrev  0x00000000      0x131 User\system_stm32f0xx.o
 .debug_abbrev  0x00000131      0x225 User\stm32f0xx_it.o
 .debug_abbrev  0x00000356      0x2c6 User\main.o
 .debug_abbrev  0x0000061c       0x12 TrueSTUDIO\startup_stm32f0xx.o
 .debug_abbrev  0x0000062e      0x29e STM32F0xx_StdPeriph_Driver\stm32f0xx_tim.o
 .debug_abbrev  0x000008cc      0x230 STM32F0xx_StdPeriph_Driver\stm32f0xx_rcc.o
 .debug_abbrev  0x00000afc      0x154 STM32F0xx_StdPeriph_Driver\stm32f0xx_misc.o
 .debug_abbrev  0x00000c50      0x1c7 STM32F0xx_StdPeriph_Driver\stm32f0xx_gpio.o
 .debug_abbrev  0x00000e17      0x1b1 STM32F0-Discovery\stm32f0_discovery.o

.debug_loc      0x00000000     0x2705
 .debug_loc     0x00000000      0x108 User\system_stm32f0xx.o
 .debug_loc     0x00000108       0x14 User\stm32f0xx_it.o
 .debug_loc     0x0000011c       0x20 User\main.o
 .debug_loc     0x0000013c     0x1a1b STM32F0xx_StdPeriph_Driver\stm32f0xx_tim.o
 .debug_loc     0x00001b57      0x75d STM32F0xx_StdPeriph_Driver\stm32f0xx_rcc.o
 .debug_loc     0x000022b4       0xc7 STM32F0xx_StdPeriph_Driver\stm32f0xx_misc.o
 .debug_loc     0x0000237b      0x2a3 STM32F0xx_StdPeriph_Driver\stm32f0xx_gpio.o
 .debug_loc     0x0000261e       0xe7 STM32F0-Discovery\stm32f0_discovery.o

.debug_aranges  0x00000000      0x618
 .debug_aranges
                0x00000000       0x28 User\system_stm32f0xx.o
 .debug_aranges
                0x00000028       0x50 User\stm32f0xx_it.o
 .debug_aranges
                0x00000078       0x40 User\main.o
 .debug_aranges
                0x000000b8       0x28 TrueSTUDIO\startup_stm32f0xx.o
 .debug_aranges
                0x000000e0      0x2f0 STM32F0xx_StdPeriph_Driver\stm32f0xx_tim.o
 .debug_aranges
                0x000003d0      0x150 STM32F0xx_StdPeriph_Driver\stm32f0xx_rcc.o
 .debug_aranges
                0x00000520       0x30 STM32F0xx_StdPeriph_Driver\stm32f0xx_misc.o
 .debug_aranges
                0x00000550       0x80 STM32F0xx_StdPeriph_Driver\stm32f0xx_gpio.o
 .debug_aranges
                0x000005d0       0x48 STM32F0-Discovery\stm32f0_discovery.o

.debug_ranges   0x00000000      0x5c0
 .debug_ranges  0x00000000       0x18 User\system_stm32f0xx.o
 .debug_ranges  0x00000018       0x40 User\stm32f0xx_it.o
 .debug_ranges  0x00000058       0x48 User\main.o
 .debug_ranges  0x000000a0       0x20 TrueSTUDIO\startup_stm32f0xx.o
 .debug_ranges  0x000000c0      0x2f8 STM32F0xx_StdPeriph_Driver\stm32f0xx_tim.o
 .debug_ranges  0x000003b8      0x140 STM32F0xx_StdPeriph_Driver\stm32f0xx_rcc.o
 .debug_ranges  0x000004f8       0x20 STM32F0xx_StdPeriph_Driver\stm32f0xx_misc.o
 .debug_ranges  0x00000518       0x70 STM32F0xx_StdPeriph_Driver\stm32f0xx_gpio.o
 .debug_ranges  0x00000588       0x38 STM32F0-Discovery\stm32f0_discovery.o

.debug_line     0x00000000     0x21e2
 .debug_line    0x00000000      0x1c0 User\system_stm32f0xx.o
 .debug_line    0x000001c0      0x2a4 User\stm32f0xx_it.o
 .debug_line    0x00000464      0x3b3 User\main.o
 .debug_line    0x00000817       0xc1 TrueSTUDIO\startup_stm32f0xx.o
 .debug_line    0x000008d8      0xaf9 STM32F0xx_StdPeriph_Driver\stm32f0xx_tim.o
 .debug_line    0x000013d1      0x590 STM32F0xx_StdPeriph_Driver\stm32f0xx_rcc.o
 .debug_line    0x00001961      0x26a STM32F0xx_StdPeriph_Driver\stm32f0xx_misc.o
 .debug_line    0x00001bcb      0x338 STM32F0xx_StdPeriph_Driver\stm32f0xx_gpio.o
 .debug_line    0x00001f03      0x2df STM32F0-Discovery\stm32f0_discovery.o

.debug_str      0x00000000     0x20dd
 .debug_str     0x00000000      0x28d User\system_stm32f0xx.o
                                0x2e5 (size before relaxing)
 .debug_str     0x0000028d      0x4de User\stm32f0xx_it.o
                                0x6bf (size before relaxing)
 .debug_str     0x0000076b      0x6c8 User\main.o
                                0xc17 (size before relaxing)
 .debug_str     0x00000e33      0xa63 STM32F0xx_StdPeriph_Driver\stm32f0xx_tim.o
                                0xea6 (size before relaxing)
 .debug_str     0x00001896      0x3c1 STM32F0xx_StdPeriph_Driver\stm32f0xx_rcc.o
                                0x7bf (size before relaxing)
 .debug_str     0x00001c57       0xb3 STM32F0xx_StdPeriph_Driver\stm32f0xx_misc.o
                                0x390 (size before relaxing)
 .debug_str     0x00001d0a      0x17a STM32F0xx_StdPeriph_Driver\stm32f0xx_gpio.o
                                0x54c (size before relaxing)
 .debug_str     0x00001e84      0x259 STM32F0-Discovery\stm32f0_discovery.o
                                0x8b5 (size before relaxing)

.comment        0x00000000       0x83
 .comment       0x00000000       0x83 User\system_stm32f0xx.o
                                 0x84 (size before relaxing)
 .comment       0x00000000       0x84 User\stm32f0xx_it.o
 .comment       0x00000000       0x84 User\main.o
 .comment       0x00000000       0x84 STM32F0xx_StdPeriph_Driver\stm32f0xx_tim.o
 .comment       0x00000000       0x84 STM32F0xx_StdPeriph_Driver\stm32f0xx_rcc.o
 .comment       0x00000000       0x84 STM32F0xx_StdPeriph_Driver\stm32f0xx_misc.o
 .comment       0x00000000       0x84 STM32F0xx_StdPeriph_Driver\stm32f0xx_gpio.o
 .comment       0x00000000       0x84 STM32F0-Discovery\stm32f0_discovery.o

.debug_frame    0x00000000      0xcdc
 .debug_frame   0x00000000       0x48 User\system_stm32f0xx.o
 .debug_frame   0x00000048       0x98 User\stm32f0xx_it.o
 .debug_frame   0x000000e0       0x90 User\main.o
 .debug_frame   0x00000170      0x694 STM32F0xx_StdPeriph_Driver\stm32f0xx_tim.o
 .debug_frame   0x00000804      0x2a0 STM32F0xx_StdPeriph_Driver\stm32f0xx_rcc.o
 .debug_frame   0x00000aa4       0x4c STM32F0xx_StdPeriph_Driver\stm32f0xx_misc.o
 .debug_frame   0x00000af0      0x108 STM32F0xx_StdPeriph_Driver\stm32f0xx_gpio.o
 .debug_frame   0x00000bf8       0x98 STM32F0-Discovery\stm32f0_discovery.o
 .debug_frame   0x00000c90       0x2c c:/program files (x86)/atollic/truestudio for arm lite 5.3.0/armtools/bin/../lib/gcc/arm-atollic-eabi/4.8.3/../../../../arm-atollic-eabi/lib/armv6-m\libc.a(lib_a-init.o)
 .debug_frame   0x00000cbc       0x20 c:/program files (x86)/atollic/truestudio for arm lite 5.3.0/armtools/bin/../lib/gcc/arm-atollic-eabi/4.8.3/armv6-m\libgcc.a(_udivsi3.o)

Cross Reference Table

Symbol                                            File
ADC1_CH_DMA_Config                                User\main.o
ADC1_COMP_IRQHandler                              TrueSTUDIO\startup_stm32f0xx.o
ADC_ChannelConfig                                 User\main.o
ADC_Cmd                                           User\main.o
ADC_DMACmd                                        User\main.o
ADC_DMARequestModeConfig                          User\main.o
ADC_DeInit                                        User\main.o
ADC_GetCalibrationFactor                          User\main.o
ADC_GetFlagStatus                                 User\main.o
ADC_Init                                          User\main.o
ADC_StartOfConversion                             User\main.o
ADC_StructInit                                    User\main.o
ADC_TempSensorCmd                                 User\main.o
ADC_VrefintCmd                                    User\main.o
AHBPrescTable                                     User\system_stm32f0xx.o
BUTTON_CLK                                        STM32F0-Discovery\stm32f0_discovery.o
BUTTON_EXTI_LINE                                  STM32F0-Discovery\stm32f0_discovery.o
BUTTON_IRQn                                       STM32F0-Discovery\stm32f0_discovery.o
BUTTON_PIN                                        STM32F0-Discovery\stm32f0_discovery.o
BUTTON_PIN_SOURCE                                 STM32F0-Discovery\stm32f0_discovery.o
BUTTON_PORT                                       STM32F0-Discovery\stm32f0_discovery.o
BUTTON_PORT_SOURCE                                STM32F0-Discovery\stm32f0_discovery.o
CEC_IRQHandler                                    TrueSTUDIO\startup_stm32f0xx.o
Configure_USART1                                  User\main.o
Configure_USART1_DMA                              User\main.o
DMA1_Channel1_IRQHandler                          TrueSTUDIO\startup_stm32f0xx.o
DMA1_Channel2_3_IRQHandler                        User\stm32f0xx_it.o
DMA1_Channel4_5_IRQHandler                        TrueSTUDIO\startup_stm32f0xx.o
DMA_Cmd                                           User\main.o
DMA_DeInit                                        User\main.o
DMA_Init                                          User\main.o
Data_ready                                        User\main.o
                                                  User\stm32f0xx_it.o
Default_Handler                                   TrueSTUDIO\startup_stm32f0xx.o
Delay                                             User\main.o
DutyCycle                                         User\stm32f0xx_it.o
EDP_interperter                                   User\main.o
EXTI0_1_IRQHandler                                TrueSTUDIO\startup_stm32f0xx.o
EXTI2_3_IRQHandler                                TrueSTUDIO\startup_stm32f0xx.o
EXTI4_15_IRQHandler                               TrueSTUDIO\startup_stm32f0xx.o
EXTI_Init                                         STM32F0-Discovery\stm32f0_discovery.o
FLASH_IRQHandler                                  TrueSTUDIO\startup_stm32f0xx.o
Frequency                                         User\stm32f0xx_it.o
GPIO_CLK                                          STM32F0-Discovery\stm32f0_discovery.o
GPIO_DeInit                                       STM32F0xx_StdPeriph_Driver\stm32f0xx_gpio.o
GPIO_Init                                         STM32F0xx_StdPeriph_Driver\stm32f0xx_gpio.o
                                                  STM32F0-Discovery\stm32f0_discovery.o
                                                  User\main.o
GPIO_PIN                                          STM32F0-Discovery\stm32f0_discovery.o
GPIO_PORT                                         STM32F0-Discovery\stm32f0_discovery.o
GPIO_PinAFConfig                                  STM32F0xx_StdPeriph_Driver\stm32f0xx_gpio.o
                                                  User\main.o
GPIO_PinLockConfig                                STM32F0xx_StdPeriph_Driver\stm32f0xx_gpio.o
GPIO_ReadInputData                                STM32F0xx_StdPeriph_Driver\stm32f0xx_gpio.o
GPIO_ReadInputDataBit                             STM32F0xx_StdPeriph_Driver\stm32f0xx_gpio.o
                                                  STM32F0-Discovery\stm32f0_discovery.o
GPIO_ReadOutputData                               STM32F0xx_StdPeriph_Driver\stm32f0xx_gpio.o
GPIO_ReadOutputDataBit                            STM32F0xx_StdPeriph_Driver\stm32f0xx_gpio.o
GPIO_ResetBits                                    STM32F0xx_StdPeriph_Driver\stm32f0xx_gpio.o
GPIO_SetBits                                      STM32F0xx_StdPeriph_Driver\stm32f0xx_gpio.o
GPIO_StructInit                                   STM32F0xx_StdPeriph_Driver\stm32f0xx_gpio.o
GPIO_Write                                        STM32F0xx_StdPeriph_Driver\stm32f0xx_gpio.o
GPIO_WriteBit                                     STM32F0xx_StdPeriph_Driver\stm32f0xx_gpio.o
HardFault_Handler                                 User\stm32f0xx_it.o
I2C1_IRQHandler                                   TrueSTUDIO\startup_stm32f0xx.o
I2C2_IRQHandler                                   TrueSTUDIO\startup_stm32f0xx.o
IC2Value                                          User\stm32f0xx_it.o
NMI_Handler                                       User\stm32f0xx_it.o
NVIC_Init                                         STM32F0xx_StdPeriph_Driver\stm32f0xx_misc.o
                                                  STM32F0-Discovery\stm32f0_discovery.o
                                                  User\main.o
NVIC_SystemLPConfig                               STM32F0xx_StdPeriph_Driver\stm32f0xx_misc.o
PVD_IRQHandler                                    TrueSTUDIO\startup_stm32f0xx.o
PendSV_Handler                                    User\stm32f0xx_it.o
RCC_ADCCLKConfig                                  STM32F0xx_StdPeriph_Driver\stm32f0xx_rcc.o
RCC_AHBPeriphClockCmd                             STM32F0xx_StdPeriph_Driver\stm32f0xx_rcc.o
                                                  STM32F0-Discovery\stm32f0_discovery.o
                                                  User\main.o
RCC_AHBPeriphResetCmd                             STM32F0xx_StdPeriph_Driver\stm32f0xx_rcc.o
                                                  STM32F0xx_StdPeriph_Driver\stm32f0xx_gpio.o
RCC_APB1PeriphClockCmd                            STM32F0xx_StdPeriph_Driver\stm32f0xx_rcc.o
                                                  User\main.o
RCC_APB1PeriphResetCmd                            STM32F0xx_StdPeriph_Driver\stm32f0xx_rcc.o
                                                  STM32F0xx_StdPeriph_Driver\stm32f0xx_tim.o
RCC_APB2PeriphClockCmd                            STM32F0xx_StdPeriph_Driver\stm32f0xx_rcc.o
                                                  STM32F0-Discovery\stm32f0_discovery.o
                                                  User\main.o
RCC_APB2PeriphResetCmd                            STM32F0xx_StdPeriph_Driver\stm32f0xx_rcc.o
                                                  STM32F0xx_StdPeriph_Driver\stm32f0xx_tim.o
RCC_AdjustHSI14CalibrationValue                   STM32F0xx_StdPeriph_Driver\stm32f0xx_rcc.o
RCC_AdjustHSICalibrationValue                     STM32F0xx_StdPeriph_Driver\stm32f0xx_rcc.o
RCC_BackupResetCmd                                STM32F0xx_StdPeriph_Driver\stm32f0xx_rcc.o
RCC_CECCLKConfig                                  STM32F0xx_StdPeriph_Driver\stm32f0xx_rcc.o
RCC_ClearFlag                                     STM32F0xx_StdPeriph_Driver\stm32f0xx_rcc.o
RCC_ClearITPendingBit                             STM32F0xx_StdPeriph_Driver\stm32f0xx_rcc.o
RCC_ClockSecuritySystemCmd                        STM32F0xx_StdPeriph_Driver\stm32f0xx_rcc.o
RCC_DeInit                                        STM32F0xx_StdPeriph_Driver\stm32f0xx_rcc.o
RCC_GetClocksFreq                                 STM32F0xx_StdPeriph_Driver\stm32f0xx_rcc.o
                                                  User\stm32f0xx_it.o
RCC_GetFlagStatus                                 STM32F0xx_StdPeriph_Driver\stm32f0xx_rcc.o
RCC_GetITStatus                                   STM32F0xx_StdPeriph_Driver\stm32f0xx_rcc.o
RCC_GetSYSCLKSource                               STM32F0xx_StdPeriph_Driver\stm32f0xx_rcc.o
RCC_HCLKConfig                                    STM32F0xx_StdPeriph_Driver\stm32f0xx_rcc.o
RCC_HSEConfig                                     STM32F0xx_StdPeriph_Driver\stm32f0xx_rcc.o
RCC_HSI14ADCRequestCmd                            STM32F0xx_StdPeriph_Driver\stm32f0xx_rcc.o
RCC_HSI14Cmd                                      STM32F0xx_StdPeriph_Driver\stm32f0xx_rcc.o
RCC_HSICmd                                        STM32F0xx_StdPeriph_Driver\stm32f0xx_rcc.o
RCC_I2CCLKConfig                                  STM32F0xx_StdPeriph_Driver\stm32f0xx_rcc.o
RCC_IRQHandler                                    TrueSTUDIO\startup_stm32f0xx.o
RCC_ITConfig                                      STM32F0xx_StdPeriph_Driver\stm32f0xx_rcc.o
RCC_LSEConfig                                     STM32F0xx_StdPeriph_Driver\stm32f0xx_rcc.o
RCC_LSEDriveConfig                                STM32F0xx_StdPeriph_Driver\stm32f0xx_rcc.o
RCC_LSICmd                                        STM32F0xx_StdPeriph_Driver\stm32f0xx_rcc.o
RCC_MCOConfig                                     STM32F0xx_StdPeriph_Driver\stm32f0xx_rcc.o
RCC_PCLKConfig                                    STM32F0xx_StdPeriph_Driver\stm32f0xx_rcc.o
RCC_PLLCmd                                        STM32F0xx_StdPeriph_Driver\stm32f0xx_rcc.o
RCC_PLLConfig                                     STM32F0xx_StdPeriph_Driver\stm32f0xx_rcc.o
RCC_PREDIV1Config                                 STM32F0xx_StdPeriph_Driver\stm32f0xx_rcc.o
RCC_RTCCLKCmd                                     STM32F0xx_StdPeriph_Driver\stm32f0xx_rcc.o
RCC_RTCCLKConfig                                  STM32F0xx_StdPeriph_Driver\stm32f0xx_rcc.o
RCC_SYSCLKConfig                                  STM32F0xx_StdPeriph_Driver\stm32f0xx_rcc.o
RCC_USARTCLKConfig                                STM32F0xx_StdPeriph_Driver\stm32f0xx_rcc.o
RCC_WaitForHSEStartUp                             STM32F0xx_StdPeriph_Driver\stm32f0xx_rcc.o
RTC_IRQHandler                                    TrueSTUDIO\startup_stm32f0xx.o
RegularConvData_Tab                               User\main.o
Reset_Handler                                     TrueSTUDIO\startup_stm32f0xx.o
SPI1_IRQHandler                                   TrueSTUDIO\startup_stm32f0xx.o
SPI2_IRQHandler                                   TrueSTUDIO\startup_stm32f0xx.o
STM_EVAL_LEDInit                                  STM32F0-Discovery\stm32f0_discovery.o
                                                  User\main.o
STM_EVAL_LEDOff                                   STM32F0-Discovery\stm32f0_discovery.o
STM_EVAL_LEDOn                                    STM32F0-Discovery\stm32f0_discovery.o
                                                  User\main.o
STM_EVAL_LEDToggle                                STM32F0-Discovery\stm32f0_discovery.o
                                                  User\main.o
STM_EVAL_PBGetState                               STM32F0-Discovery\stm32f0_discovery.o
STM_EVAL_PBInit                                   STM32F0-Discovery\stm32f0_discovery.o
SVC_Handler                                       User\stm32f0xx_it.o
SYSCFG_EXTILineConfig                             STM32F0-Discovery\stm32f0_discovery.o
SysTick_CLKSourceConfig                           STM32F0xx_StdPeriph_Driver\stm32f0xx_misc.o
SysTick_Handler                                   User\stm32f0xx_it.o
SystemCoreClock                                   User\system_stm32f0xx.o
                                                  User\main.o
SystemCoreClockUpdate                             User\system_stm32f0xx.o
SystemInit                                        User\system_stm32f0xx.o
                                                  TrueSTUDIO\startup_stm32f0xx.o
TIM14_IRQHandler                                  TrueSTUDIO\startup_stm32f0xx.o
TIM15_IRQHandler                                  TrueSTUDIO\startup_stm32f0xx.o
TIM16_IRQHandler                                  TrueSTUDIO\startup_stm32f0xx.o
TIM17_IRQHandler                                  TrueSTUDIO\startup_stm32f0xx.o
TIM1_BRK_UP_TRG_COM_IRQHandler                    TrueSTUDIO\startup_stm32f0xx.o
TIM1_CC_IRQHandler                                TrueSTUDIO\startup_stm32f0xx.o
TIM2_IRQHandler                                   User\stm32f0xx_it.o
TIM3_IRQHandler                                   TrueSTUDIO\startup_stm32f0xx.o
TIM6_DAC_IRQHandler                               TrueSTUDIO\startup_stm32f0xx.o
TIM_ARRPreloadConfig                              STM32F0xx_StdPeriph_Driver\stm32f0xx_tim.o
TIM_BDTRConfig                                    STM32F0xx_StdPeriph_Driver\stm32f0xx_tim.o
TIM_BDTRStructInit                                STM32F0xx_StdPeriph_Driver\stm32f0xx_tim.o
TIM_CCPreloadControl                              STM32F0xx_StdPeriph_Driver\stm32f0xx_tim.o
TIM_CCxCmd                                        STM32F0xx_StdPeriph_Driver\stm32f0xx_tim.o
TIM_CCxNCmd                                       STM32F0xx_StdPeriph_Driver\stm32f0xx_tim.o
TIM_ClearFlag                                     STM32F0xx_StdPeriph_Driver\stm32f0xx_tim.o
TIM_ClearITPendingBit                             STM32F0xx_StdPeriph_Driver\stm32f0xx_tim.o
                                                  User\stm32f0xx_it.o
TIM_ClearOC1Ref                                   STM32F0xx_StdPeriph_Driver\stm32f0xx_tim.o
TIM_ClearOC2Ref                                   STM32F0xx_StdPeriph_Driver\stm32f0xx_tim.o
TIM_ClearOC3Ref                                   STM32F0xx_StdPeriph_Driver\stm32f0xx_tim.o
TIM_ClearOC4Ref                                   STM32F0xx_StdPeriph_Driver\stm32f0xx_tim.o
TIM_Cmd                                           STM32F0xx_StdPeriph_Driver\stm32f0xx_tim.o
                                                  User\main.o
TIM_Config                                        User\main.o
TIM_CounterModeConfig                             STM32F0xx_StdPeriph_Driver\stm32f0xx_tim.o
TIM_CtrlPWMOutputs                                STM32F0xx_StdPeriph_Driver\stm32f0xx_tim.o
TIM_DMACmd                                        STM32F0xx_StdPeriph_Driver\stm32f0xx_tim.o
TIM_DMAConfig                                     STM32F0xx_StdPeriph_Driver\stm32f0xx_tim.o
TIM_DeInit                                        STM32F0xx_StdPeriph_Driver\stm32f0xx_tim.o
TIM_ETRClockMode1Config                           STM32F0xx_StdPeriph_Driver\stm32f0xx_tim.o
TIM_ETRClockMode2Config                           STM32F0xx_StdPeriph_Driver\stm32f0xx_tim.o
TIM_ETRConfig                                     STM32F0xx_StdPeriph_Driver\stm32f0xx_tim.o
TIM_EncoderInterfaceConfig                        STM32F0xx_StdPeriph_Driver\stm32f0xx_tim.o
TIM_ForcedOC1Config                               STM32F0xx_StdPeriph_Driver\stm32f0xx_tim.o
TIM_ForcedOC2Config                               STM32F0xx_StdPeriph_Driver\stm32f0xx_tim.o
TIM_ForcedOC3Config                               STM32F0xx_StdPeriph_Driver\stm32f0xx_tim.o
TIM_ForcedOC4Config                               STM32F0xx_StdPeriph_Driver\stm32f0xx_tim.o
TIM_GenerateEvent                                 STM32F0xx_StdPeriph_Driver\stm32f0xx_tim.o
TIM_GetCapture1                                   STM32F0xx_StdPeriph_Driver\stm32f0xx_tim.o
                                                  User\stm32f0xx_it.o
TIM_GetCapture2                                   STM32F0xx_StdPeriph_Driver\stm32f0xx_tim.o
                                                  User\stm32f0xx_it.o
TIM_GetCapture3                                   STM32F0xx_StdPeriph_Driver\stm32f0xx_tim.o
TIM_GetCapture4                                   STM32F0xx_StdPeriph_Driver\stm32f0xx_tim.o
TIM_GetCounter                                    STM32F0xx_StdPeriph_Driver\stm32f0xx_tim.o
TIM_GetFlagStatus                                 STM32F0xx_StdPeriph_Driver\stm32f0xx_tim.o
TIM_GetITStatus                                   STM32F0xx_StdPeriph_Driver\stm32f0xx_tim.o
TIM_GetPrescaler                                  STM32F0xx_StdPeriph_Driver\stm32f0xx_tim.o
TIM_ICInit                                        STM32F0xx_StdPeriph_Driver\stm32f0xx_tim.o
TIM_ICInitStructure                               User\main.o
TIM_ICStructInit                                  STM32F0xx_StdPeriph_Driver\stm32f0xx_tim.o
TIM_ITConfig                                      STM32F0xx_StdPeriph_Driver\stm32f0xx_tim.o
                                                  User\main.o
TIM_ITRxExternalClockConfig                       STM32F0xx_StdPeriph_Driver\stm32f0xx_tim.o
TIM_InternalClockConfig                           STM32F0xx_StdPeriph_Driver\stm32f0xx_tim.o
TIM_OC1FastConfig                                 STM32F0xx_StdPeriph_Driver\stm32f0xx_tim.o
TIM_OC1Init                                       STM32F0xx_StdPeriph_Driver\stm32f0xx_tim.o
TIM_OC1NPolarityConfig                            STM32F0xx_StdPeriph_Driver\stm32f0xx_tim.o
TIM_OC1PolarityConfig                             STM32F0xx_StdPeriph_Driver\stm32f0xx_tim.o
TIM_OC1PreloadConfig                              STM32F0xx_StdPeriph_Driver\stm32f0xx_tim.o
TIM_OC2FastConfig                                 STM32F0xx_StdPeriph_Driver\stm32f0xx_tim.o
TIM_OC2Init                                       STM32F0xx_StdPeriph_Driver\stm32f0xx_tim.o
TIM_OC2NPolarityConfig                            STM32F0xx_StdPeriph_Driver\stm32f0xx_tim.o
TIM_OC2PolarityConfig                             STM32F0xx_StdPeriph_Driver\stm32f0xx_tim.o
TIM_OC2PreloadConfig                              STM32F0xx_StdPeriph_Driver\stm32f0xx_tim.o
TIM_OC3FastConfig                                 STM32F0xx_StdPeriph_Driver\stm32f0xx_tim.o
TIM_OC3Init                                       STM32F0xx_StdPeriph_Driver\stm32f0xx_tim.o
TIM_OC3NPolarityConfig                            STM32F0xx_StdPeriph_Driver\stm32f0xx_tim.o
TIM_OC3PolarityConfig                             STM32F0xx_StdPeriph_Driver\stm32f0xx_tim.o
TIM_OC3PreloadConfig                              STM32F0xx_StdPeriph_Driver\stm32f0xx_tim.o
TIM_OC4FastConfig                                 STM32F0xx_StdPeriph_Driver\stm32f0xx_tim.o
TIM_OC4Init                                       STM32F0xx_StdPeriph_Driver\stm32f0xx_tim.o
TIM_OC4PolarityConfig                             STM32F0xx_StdPeriph_Driver\stm32f0xx_tim.o
TIM_OC4PreloadConfig                              STM32F0xx_StdPeriph_Driver\stm32f0xx_tim.o
TIM_OCStructInit                                  STM32F0xx_StdPeriph_Driver\stm32f0xx_tim.o
TIM_PWMIConfig                                    STM32F0xx_StdPeriph_Driver\stm32f0xx_tim.o
                                                  User\main.o
TIM_PrescalerConfig                               STM32F0xx_StdPeriph_Driver\stm32f0xx_tim.o
TIM_RemapConfig                                   STM32F0xx_StdPeriph_Driver\stm32f0xx_tim.o
TIM_SelectCCDMA                                   STM32F0xx_StdPeriph_Driver\stm32f0xx_tim.o
TIM_SelectCOM                                     STM32F0xx_StdPeriph_Driver\stm32f0xx_tim.o
TIM_SelectHallSensor                              STM32F0xx_StdPeriph_Driver\stm32f0xx_tim.o
TIM_SelectInputTrigger                            STM32F0xx_StdPeriph_Driver\stm32f0xx_tim.o
                                                  User\main.o
TIM_SelectMasterSlaveMode                         STM32F0xx_StdPeriph_Driver\stm32f0xx_tim.o
                                                  User\main.o
TIM_SelectOCREFClear                              STM32F0xx_StdPeriph_Driver\stm32f0xx_tim.o
TIM_SelectOCxM                                    STM32F0xx_StdPeriph_Driver\stm32f0xx_tim.o
TIM_SelectOnePulseMode                            STM32F0xx_StdPeriph_Driver\stm32f0xx_tim.o
TIM_SelectOutputTrigger                           STM32F0xx_StdPeriph_Driver\stm32f0xx_tim.o
TIM_SelectSlaveMode                               STM32F0xx_StdPeriph_Driver\stm32f0xx_tim.o
                                                  User\main.o
TIM_SetAutoreload                                 STM32F0xx_StdPeriph_Driver\stm32f0xx_tim.o
TIM_SetClockDivision                              STM32F0xx_StdPeriph_Driver\stm32f0xx_tim.o
TIM_SetCompare1                                   STM32F0xx_StdPeriph_Driver\stm32f0xx_tim.o
TIM_SetCompare2                                   STM32F0xx_StdPeriph_Driver\stm32f0xx_tim.o
TIM_SetCompare3                                   STM32F0xx_StdPeriph_Driver\stm32f0xx_tim.o
TIM_SetCompare4                                   STM32F0xx_StdPeriph_Driver\stm32f0xx_tim.o
TIM_SetCounter                                    STM32F0xx_StdPeriph_Driver\stm32f0xx_tim.o
TIM_SetIC1Prescaler                               STM32F0xx_StdPeriph_Driver\stm32f0xx_tim.o
TIM_SetIC2Prescaler                               STM32F0xx_StdPeriph_Driver\stm32f0xx_tim.o
TIM_SetIC3Prescaler                               STM32F0xx_StdPeriph_Driver\stm32f0xx_tim.o
TIM_SetIC4Prescaler                               STM32F0xx_StdPeriph_Driver\stm32f0xx_tim.o
TIM_TIxExternalClockConfig                        STM32F0xx_StdPeriph_Driver\stm32f0xx_tim.o
TIM_TimeBaseInit                                  STM32F0xx_StdPeriph_Driver\stm32f0xx_tim.o
TIM_TimeBaseStructInit                            STM32F0xx_StdPeriph_Driver\stm32f0xx_tim.o
TIM_UpdateDisableConfig                           STM32F0xx_StdPeriph_Driver\stm32f0xx_tim.o
TIM_UpdateRequestConfig                           STM32F0xx_StdPeriph_Driver\stm32f0xx_tim.o
TS_IRQHandler                                     TrueSTUDIO\startup_stm32f0xx.o
TempSensVoltmv                                    User\main.o
TimingDelay_Decrement                             User\main.o
                                                  User\stm32f0xx_it.o
USART1_IRQHandler                                 TrueSTUDIO\startup_stm32f0xx.o
USART2_IRQHandler                                 TrueSTUDIO\startup_stm32f0xx.o
VrefIntVoltmv                                     User\main.o
WWDG_IRQHandler                                   TrueSTUDIO\startup_stm32f0xx.o
__aeabi_idiv0                                     c:/program files (x86)/atollic/truestudio for arm lite 5.3.0/armtools/bin/../lib/gcc/arm-atollic-eabi/4.8.3/armv6-m\libgcc.a(_dvmd_tls.o)
                                                  c:/program files (x86)/atollic/truestudio for arm lite 5.3.0/armtools/bin/../lib/gcc/arm-atollic-eabi/4.8.3/armv6-m\libgcc.a(_udivsi3.o)
__aeabi_ldiv0                                     c:/program files (x86)/atollic/truestudio for arm lite 5.3.0/armtools/bin/../lib/gcc/arm-atollic-eabi/4.8.3/armv6-m\libgcc.a(_dvmd_tls.o)
__aeabi_uidiv                                     c:/program files (x86)/atollic/truestudio for arm lite 5.3.0/armtools/bin/../lib/gcc/arm-atollic-eabi/4.8.3/armv6-m\libgcc.a(_udivsi3.o)
                                                  STM32F0xx_StdPeriph_Driver\stm32f0xx_rcc.o
                                                  User\main.o
                                                  User\stm32f0xx_it.o
                                                  User\system_stm32f0xx.o
__aeabi_uidivmod                                  c:/program files (x86)/atollic/truestudio for arm lite 5.3.0/armtools/bin/../lib/gcc/arm-atollic-eabi/4.8.3/armv6-m\libgcc.a(_udivsi3.o)
__deregister_frame_info                           c:/program files (x86)/atollic/truestudio for arm lite 5.3.0/armtools/bin/../lib/gcc/arm-atollic-eabi/4.8.3/armv6-m/crtbegin.o
__dso_handle                                      c:/program files (x86)/atollic/truestudio for arm lite 5.3.0/armtools/bin/../lib/gcc/arm-atollic-eabi/4.8.3/armv6-m/crtbegin.o
__init_array_end                                  c:/program files (x86)/atollic/truestudio for arm lite 5.3.0/armtools/bin/../lib/gcc/arm-atollic-eabi/4.8.3/../../../../arm-atollic-eabi/lib/armv6-m\libc.a(lib_a-init.o)
__init_array_start                                c:/program files (x86)/atollic/truestudio for arm lite 5.3.0/armtools/bin/../lib/gcc/arm-atollic-eabi/4.8.3/../../../../arm-atollic-eabi/lib/armv6-m\libc.a(lib_a-init.o)
__libc_init_array                                 c:/program files (x86)/atollic/truestudio for arm lite 5.3.0/armtools/bin/../lib/gcc/arm-atollic-eabi/4.8.3/../../../../arm-atollic-eabi/lib/armv6-m\libc.a(lib_a-init.o)
                                                  TrueSTUDIO\startup_stm32f0xx.o
__preinit_array_end                               c:/program files (x86)/atollic/truestudio for arm lite 5.3.0/armtools/bin/../lib/gcc/arm-atollic-eabi/4.8.3/../../../../arm-atollic-eabi/lib/armv6-m\libc.a(lib_a-init.o)
__preinit_array_start                             c:/program files (x86)/atollic/truestudio for arm lite 5.3.0/armtools/bin/../lib/gcc/arm-atollic-eabi/4.8.3/../../../../arm-atollic-eabi/lib/armv6-m\libc.a(lib_a-init.o)
__register_frame_info                             c:/program files (x86)/atollic/truestudio for arm lite 5.3.0/armtools/bin/../lib/gcc/arm-atollic-eabi/4.8.3/armv6-m/crtbegin.o
__udivsi3                                         c:/program files (x86)/atollic/truestudio for arm lite 5.3.0/armtools/bin/../lib/gcc/arm-atollic-eabi/4.8.3/armv6-m\libgcc.a(_udivsi3.o)
_ebss                                             TrueSTUDIO\startup_stm32f0xx.o
_edata                                            TrueSTUDIO\startup_stm32f0xx.o
_estack                                           TrueSTUDIO\startup_stm32f0xx.o
_fini                                             c:/program files (x86)/atollic/truestudio for arm lite 5.3.0/armtools/bin/../lib/gcc/arm-atollic-eabi/4.8.3/armv6-m/crti.o
_init                                             c:/program files (x86)/atollic/truestudio for arm lite 5.3.0/armtools/bin/../lib/gcc/arm-atollic-eabi/4.8.3/armv6-m/crti.o
                                                  c:/program files (x86)/atollic/truestudio for arm lite 5.3.0/armtools/bin/../lib/gcc/arm-atollic-eabi/4.8.3/../../../../arm-atollic-eabi/lib/armv6-m\libc.a(lib_a-init.o)
_sbss                                             TrueSTUDIO\startup_stm32f0xx.o
_sdata                                            TrueSTUDIO\startup_stm32f0xx.o
_sidata                                           TrueSTUDIO\startup_stm32f0xx.o
g_pfnVectors                                      TrueSTUDIO\startup_stm32f0xx.o
main                                              User\main.o
                                                  TrueSTUDIO\startup_stm32f0xx.o
