###############################################################################
#
# IAR ELF Linker V7.50.1.10123/W32 for ARM                14/Dec/2017  19:04:46
# Copyright 2007-2015 IAR Systems AB.
#
#    Output file  =  
#        C:\Projects\MarvinTester\Software\Project\EWARM\MARVIN_Input\Exe\MARVIN_Tester.out
#    Map file     =  
#        C:\Projects\MarvinTester\Software\Project\EWARM\MARVIN_Input\List\MARVIN_Tester.map
#    Command line =  
#        C:\Projects\MarvinTester\Software\Project\EWARM\MARVIN_Input\Obj\main.o
#        C:\Projects\MarvinTester\Software\Project\EWARM\MARVIN_Input\Obj\startup_stm32f0xx.o
#        C:\Projects\MarvinTester\Software\Project\EWARM\MARVIN_Input\Obj\stm32f0_discovery.o
#        C:\Projects\MarvinTester\Software\Project\EWARM\MARVIN_Input\Obj\stm32f0xx_adc.o
#        C:\Projects\MarvinTester\Software\Project\EWARM\MARVIN_Input\Obj\stm32f0xx_dac.o
#        C:\Projects\MarvinTester\Software\Project\EWARM\MARVIN_Input\Obj\stm32f0xx_dma.o
#        C:\Projects\MarvinTester\Software\Project\EWARM\MARVIN_Input\Obj\stm32f0xx_gpio.o
#        C:\Projects\MarvinTester\Software\Project\EWARM\MARVIN_Input\Obj\stm32f0xx_it.o
#        C:\Projects\MarvinTester\Software\Project\EWARM\MARVIN_Input\Obj\stm32f0xx_misc.o
#        C:\Projects\MarvinTester\Software\Project\EWARM\MARVIN_Input\Obj\stm32f0xx_rcc.o
#        C:\Projects\MarvinTester\Software\Project\EWARM\MARVIN_Input\Obj\stm32f0xx_tim.o
#        C:\Projects\MarvinTester\Software\Project\EWARM\MARVIN_Input\Obj\stm32f0xx_usart.o
#        C:\Projects\MarvinTester\Software\Project\EWARM\MARVIN_Input\Obj\system_stm32f0xx.o
#        C:\Projects\MarvinTester\Software\Project\EWARM\MARVIN_Input\Obj\USART.o
#        --redirect _Printf=_PrintfSmall --redirect _Scanf=_ScanfSmall -o
#        C:\Projects\MarvinTester\Software\Project\EWARM\MARVIN_Input\Exe\MARVIN_Tester.out
#        --map
#        C:\Projects\MarvinTester\Software\Project\EWARM\MARVIN_Input\List\MARVIN_Tester.map
#        --config
#        C:\Projects\MarvinTester\Software\Project\EWARM\stm32f0xx_flash.icf
#        --semihosting --entry __iar_program_start --vfe
#
###############################################################################

*******************************************************************************
*** RUNTIME MODEL ATTRIBUTES
***

CppFlavor       = *
__SystemLibrary = DLib


*******************************************************************************
*** PLACEMENT SUMMARY
***

"A1":  place at 0x08000000 { ro section .intvec };
"P1":  place in [from 0x08000000 to 0x0800ffff] { ro };
"P2":  place in [from 0x20000000 to 0x20001fff] { rw, block CSTACK, block HEAP };

  Section            Kind        Address    Size  Object
  -------            ----        -------    ----  ------
"A1":                                       0xc0
  .intvec            ro code  0x08000000    0xc0  startup_stm32f0xx.o [1]
                            - 0x080000c0    0xc0

"P1":                                     0x1311
  .text              ro code  0x080000c0   0x6d4  main.o [1]
  .text              ro code  0x08000794    0x84  stm32f0_discovery.o [1]
  .text              ro code  0x08000818    0xae  I32DivModFast.o [4]
  .text              ro code  0x080008c6     0x2  startup_stm32f0xx.o [1]
  .text              ro code  0x080008c8   0x2d0  USART.o [1]
  .text              ro code  0x08000b98   0x12c  stm32f0xx_adc.o [1]
  .text              ro code  0x08000cc4   0x150  stm32f0xx_rcc.o [1]
  .text              ro code  0x08000e14    0x6a  stm32f0xx_gpio.o [1]
  .text              ro code  0x08000e7e     0x2  startup_stm32f0xx.o [1]
  .text              ro code  0x08000e80    0xb4  stm32f0xx_dma.o [1]
  .text              ro code  0x08000f34    0x70  stm32f0xx_dac.o [1]
  .text              ro code  0x08000fa4     0x2  IntDivZer.o [4]
  .text              ro code  0x08000fa6     0x2  startup_stm32f0xx.o [1]
  .text              ro code  0x08000fa8    0x34  ABImemset.o [4]
  .text              ro code  0x08000fdc    0xc2  stm32f0xx_tim.o [1]
  .text              ro code  0x0800109e     0x2  startup_stm32f0xx.o [1]
  .text              ro code  0x080010a0    0x44  stm32f0xx_usart.o [1]
  .text              ro code  0x080010e4    0xbc  stm32f0xx_it.o [1]
  .text              ro code  0x080011a0    0xb4  system_stm32f0xx.o [1]
  .text              ro code  0x08001254    0x7c  lz77_init_single.o [4]
  .text              ro code  0x080012d0    0x28  data_init.o [4]
  .iar.init_table    const    0x080012f8    0x10  - Linker created -
  .text              ro code  0x08001308    0x1a  cmain.o [4]
  .text              ro code  0x08001322     0x4  low_level_init.o [3]
  .text              ro code  0x08001326     0x8  exit.o [3]
  .text              ro code  0x0800132e     0x2  startup_stm32f0xx.o [1]
  .text              ro code  0x08001330     0xa  cexit.o [4]
  .text              ro code  0x0800133a     0x2  startup_stm32f0xx.o [1]
  .text              ro code  0x0800133c    0x14  exit.o [5]
  .text              ro code  0x08001350    0x10  startup_stm32f0xx.o [1]
  .text              ro code  0x08001360     0xc  cstartup_M.o [4]
  .text              ro code  0x0800136c     0x2  startup_stm32f0xx.o [1]
  .text              ro code  0x0800136e     0x2  startup_stm32f0xx.o [1]
  .text              ro code  0x08001370     0x2  startup_stm32f0xx.o [1]
  .text              ro code  0x08001372     0x2  startup_stm32f0xx.o [1]
  .text              ro code  0x08001374     0x2  startup_stm32f0xx.o [1]
  .text              ro code  0x08001376     0x2  startup_stm32f0xx.o [1]
  .text              ro code  0x08001378     0x2  startup_stm32f0xx.o [1]
  .text              ro code  0x0800137a     0x2  startup_stm32f0xx.o [1]
  .text              ro code  0x0800137c     0x2  startup_stm32f0xx.o [1]
  .text              ro code  0x0800137e     0x2  startup_stm32f0xx.o [1]
  .text              ro code  0x08001380     0x2  startup_stm32f0xx.o [1]
  .text              ro code  0x08001382     0x2  startup_stm32f0xx.o [1]
  .text              ro code  0x08001384     0x2  startup_stm32f0xx.o [1]
  .text              ro code  0x08001386     0x2  startup_stm32f0xx.o [1]
  .text              ro code  0x08001388     0x2  startup_stm32f0xx.o [1]
  .text              ro code  0x0800138a     0x2  startup_stm32f0xx.o [1]
  .text              ro code  0x0800138c     0x2  startup_stm32f0xx.o [1]
  .text              ro code  0x0800138e     0x2  startup_stm32f0xx.o [1]
  .text              ro code  0x08001390     0x2  startup_stm32f0xx.o [1]
  .text              ro code  0x08001392     0x2  startup_stm32f0xx.o [1]
  .text              ro code  0x08001394     0x2  startup_stm32f0xx.o [1]
  .rodata            const    0x08001396     0x0  lz77_init_single.o [4]
  Initializer bytes  const    0x08001396    0x3b  <for P2-1>
                            - 0x080013d1  0x1311

"P2", part 1 of 2:                          0xfb
  P2-1                        0x20000000    0xfb  <Init block>
    .data            inited   0x20000000    0x70  main.o [1]
    .data            inited   0x20000070    0x18  main.o [1]
    .data            inited   0x20000088    0x18  stm32f0_discovery.o [1]
    .data            inited   0x200000a0    0x10  stm32f0xx_rcc.o [1]
    .data            inited   0x200000b0    0x14  system_stm32f0xx.o [1]
    .bss             inited   0x200000c4     0xc  main.o [1]
    .bss             inited   0x200000d0     0x4  main.o [1]
    .bss             inited   0x200000d4     0x8  stm32f0xx_it.o [1]
    .bss             inited   0x200000dc    0x1e  USART.o [1]
    .bss             inited   0x200000fa     0x1  USART.o [1]
                            - 0x200000fb    0xfb

"P2", part 2 of 2:                         0x400
  CSTACK                      0x20000100   0x400  <Block>
    CSTACK           uninit   0x20000100   0x400  <Block tail>
                            - 0x20000500   0x400


*******************************************************************************
*** INIT TABLE
***

          Address     Size
          -------     ----
Copy/lz77 (__iar_lz77_init_single3)
    1 source range, total size 0x3b (23% of destination):
          0x08001396  0x3b
    1 destination range, total size 0xfb:
          0x20000000  0xfb



*******************************************************************************
*** MODULE SUMMARY
***

    Module               ro code  ro data  rw data
    ------               -------  -------  -------
C:\Projects\MarvinTester\Software\Project\EWARM\MARVIN_Input\Obj: [1]
    USART.o                  720        8       31
    main.o                 1 748       34      152
    startup_stm32f0xx.o      262
    stm32f0_discovery.o      132        6       24
    stm32f0xx_adc.o          300
    stm32f0xx_dac.o          112
    stm32f0xx_dma.o          180
    stm32f0xx_gpio.o         106
    stm32f0xx_it.o           188        2        8
    stm32f0xx_rcc.o          336        4       16
    stm32f0xx_tim.o          194
    stm32f0xx_usart.o         68
    system_stm32f0xx.o       180        5       20
    ----------------------------------------------
    Total:                 4 526       59      251

command line: [2]
    ----------------------------------------------
    Total:

dl6M_tln.a: [3]
    exit.o                     8
    low_level_init.o           4
    ----------------------------------------------
    Total:                    12

rt6M_tl.a: [4]
    ABImemset.o               52
    I32DivModFast.o          174
    IntDivZer.o                2
    cexit.o                   10
    cmain.o                   26
    cstartup_M.o              12
    data_init.o               40
    lz77_init_single.o       124
    ----------------------------------------------
    Total:                   440

shb_l.a: [5]
    exit.o                    20
    ----------------------------------------------
    Total:                    20

    Linker created                     16    1 024
--------------------------------------------------
    Grand Total:           4 998       75    1 275


*******************************************************************************
*** ENTRY LIST
***

Entry                      Address   Size  Type      Object
-----                      -------   ----  ----      ------
.iar.init_table$$Base   0x080012f8          --   Gb  - Linker created -
.iar.init_table$$Limit  0x08001308          --   Gb  - Linker created -
?main                   0x08001309         Code  Gb  cmain.o [4]
ADC1_CH_DMA_Config      0x0800014d  0x126  Code  Gb  main.o [1]
ADC_ChannelConfig       0x08000c2d    0xa  Code  Gb  stm32f0xx_adc.o [1]
ADC_Cmd                 0x08000beb   0x12  Code  Gb  stm32f0xx_adc.o [1]
ADC_DMACmd              0x08000c69   0x16  Code  Gb  stm32f0xx_adc.o [1]
ADC_DMARequestModeConfig
                        0x08000c7f   0x10  Code  Gb  stm32f0xx_adc.o [1]
ADC_DeInit              0x08000b99   0x1e  Code  Gb  stm32f0xx_adc.o [1]
ADC_GetCalibrationFactor
                        0x08000c37   0x28  Code  Gb  stm32f0xx_adc.o [1]
ADC_GetFlagStatus       0x08000c8f   0x1a  Code  Gb  stm32f0xx_adc.o [1]
ADC_Init                0x08000bb7   0x24  Code  Gb  stm32f0xx_adc.o [1]
ADC_StartOfConversion   0x08000c5f    0xa  Code  Gb  stm32f0xx_adc.o [1]
ADC_StructInit          0x08000bdb   0x10  Code  Gb  stm32f0xx_adc.o [1]
ADC_TempSensorCmd       0x08000bfd   0x18  Code  Gb  stm32f0xx_adc.o [1]
ADC_VrefintCmd          0x08000c15   0x18  Code  Gb  stm32f0xx_adc.o [1]
AHBPrescTable           0x200000b0   0x10  Data  Gb  system_stm32f0xx.o [1]
APBAHBPrescTable        0x200000a0   0x10  Data  Lc  stm32f0xx_rcc.o [1]
CSTACK$$Base            0x20000100          --   Gb  - Linker created -
CSTACK$$Limit           0x20000500          --   Gb  - Linker created -
Configure_USART1        0x080008c9   0x76  Code  Gb  USART.o [1]
Configure_USART1_DMA    0x0800093f   0x4a  Code  Gb  USART.o [1]
DAC_Cmd                 0x08000f4f   0x18  Code  Gb  stm32f0xx_dac.o [1]
DAC_Config              0x08000273   0x4a  Code  Gb  main.o [1]
DAC_Init                0x08000f35   0x1a  Code  Gb  stm32f0xx_dac.o [1]
DAC_SetChannel1Data     0x08000f81   0x1a  Code  Gb  stm32f0xx_dac.o [1]
DAC_SoftwareTriggerCmd  0x08000f67   0x1a  Code  Gb  stm32f0xx_dac.o [1]
DMA1_Channel2_3_IRQHandler
                        0x0800113f   0x4c  Code  Gb  stm32f0xx_it.o [1]
DMA_Cmd                 0x08000f11   0x14  Code  Gb  stm32f0xx_dma.o [1]
DMA_DeInit              0x08000e81   0x5a  Code  Gb  stm32f0xx_dma.o [1]
DMA_Init                0x08000edb   0x36  Code  Gb  stm32f0xx_dma.o [1]
Data_ready              0x200000fa    0x1  Data  Gb  USART.o [1]
Delay                   0x080002bd   0x12  Code  Gb  main.o [1]
DutyCycle               0x200000d6    0x2  Data  Gb  stm32f0xx_it.o [1]
EDP_interperter         0x08000a45  0x102  Code  Gb  USART.o [1]
Frequency               0x200000d8    0x4  Data  Gb  stm32f0xx_it.o [1]
GPIOCMD1_PIN            0x08000718   0x38  Data  Gb  main.o [1]
GPIOCMD1_PINMODE        0x08000750   0x38  Data  Gb  main.o [1]
GPIOCMD1_PORT           0x20000000   0x70  Data  Gb  main.o [1]
GPIOCMD2_PIN            0x08000788    0xc  Data  Gb  main.o [1]
GPIOCMD2_PINMODE        0x0800068c    0xc  Data  Gb  main.o [1]
GPIOCMD2_PORT           0x20000070   0x18  Data  Gb  main.o [1]
GPIO_CLK                0x08000800   0x18  Data  Gb  stm32f0_discovery.o [1]
GPIO_Init               0x08000e15   0x6a  Code  Gb  stm32f0xx_gpio.o [1]
GPIO_PIN                0x080007f4    0xc  Data  Gb  stm32f0_discovery.o [1]
GPIO_PORT               0x20000088   0x18  Data  Gb  stm32f0_discovery.o [1]
HardFault_Handler       0x080010e7    0x2  Code  Gb  stm32f0xx_it.o [1]
IC2Value                0x200000d4    0x2  Data  Gb  stm32f0xx_it.o [1]
IO_Init                 0x080002ed   0x5c  Code  Gb  main.o [1]
NMI_Handler             0x080010e5    0x2  Code  Gb  stm32f0xx_it.o [1]
PendSV_Handler          0x080010eb    0x2  Code  Gb  stm32f0xx_it.o [1]
RCC_AHBPeriphClockCmd   0x08000d87   0x14  Code  Gb  stm32f0xx_rcc.o [1]
RCC_APB1PeriphClockCmd  0x08000daf   0x14  Code  Gb  stm32f0xx_rcc.o [1]
RCC_APB1PeriphResetCmd  0x08000dd7   0x14  Code  Gb  stm32f0xx_rcc.o [1]
RCC_APB2PeriphClockCmd  0x08000d9b   0x14  Code  Gb  stm32f0xx_rcc.o [1]
RCC_APB2PeriphResetCmd  0x08000dc3   0x14  Code  Gb  stm32f0xx_rcc.o [1]
RCC_GetClocksFreq       0x08000cc5   0xc2  Code  Gb  stm32f0xx_rcc.o [1]
Region$$Table$$Base     0x080012f8          --   Gb  - Linker created -
Region$$Table$$Limit    0x08001308          --   Gb  - Linker created -
RegularConvData_Tab     0x200000c4    0xc  Data  Gb  main.o [1]
Reset                   0x08000a0d   0x38  Code  Gb  USART.o [1]
STM_EVAL_LEDInit        0x08000795   0x36  Code  Gb  stm32f0_discovery.o [1]
STM_EVAL_LEDOn          0x080007cd   0x10  Code  Gb  stm32f0_discovery.o [1]
STM_EVAL_LEDToggle      0x080007dd   0x14  Code  Gb  stm32f0_discovery.o [1]
SVC_Handler             0x080010e9    0x2  Code  Gb  stm32f0xx_it.o [1]
Send_Command            0x08000989   0x3c  Code  Gb  USART.o [1]
Send_Version            0x080009c5   0x48  Code  Gb  USART.o [1]
SysTick_Handler         0x080010ed    0x8  Code  Gb  stm32f0xx_it.o [1]
SystemCoreClock         0x200000c0    0x4  Data  Gb  system_stm32f0xx.o [1]
SystemInit              0x080011a1   0x98  Code  Gb  system_stm32f0xx.o [1]
TIM2_IRQHandler         0x080010f5   0x4a  Code  Gb  stm32f0xx_it.o [1]
TIM_ClearITPendingBit   0x08001099    0x6  Code  Gb  stm32f0xx_tim.o [1]
TIM_DeInit              0x08000fdd   0x98  Code  Gb  stm32f0xx_tim.o [1]
TIM_GetCapture1         0x08001091    0x4  Code  Gb  stm32f0xx_tim.o [1]
TIM_GetCapture2         0x08001095    0x4  Code  Gb  stm32f0xx_tim.o [1]
TimingDelay             0x200000d0    0x4  Data  Lc  main.o [1]
TimingDelay_Decrement   0x080002cf   0x10  Code  Gb  main.o [1]
USART1_Recieve_Buffer   0x200000f0    0x8  Data  Gb  USART.o [1]
USART1_Transmit_Buffer  0x200000dc   0x14  Data  Gb  USART.o [1]
USART_DeInit            0x080010a1   0x3a  Code  Gb  stm32f0xx_usart.o [1]
__ICFEDIT_region_RAM_end__ {Abs}
                        0x20001fff          --   Gb  command line/config [2]
__ICFEDIT_region_RAM_start__ {Abs}
                        0x20000000          --   Gb  command line/config [2]
__aeabi_idiv0           0x08000fa5         Code  Gb  IntDivZer.o [4]
__aeabi_memclr4         0x08000fd9         Code  Gb  ABImemset.o [4]
__aeabi_memclr8         0x08000fd9         Code  Gb  ABImemset.o [4]
__aeabi_uidiv           0x08000819         Code  Gb  I32DivModFast.o [4]
__aeabi_uidivmod        0x08000819         Code  Gb  I32DivModFast.o [4]
__cmain                 0x08001309         Code  Gb  cmain.o [4]
__exit                  0x0800133d   0x14  Code  Gb  exit.o [5]
__iar_Memset4_word      0x08000fa9         Code  Gb  ABImemset.o [4]
__iar_data_init3        0x080012d1   0x28  Code  Gb  data_init.o [4]
__iar_lz77_init_single3
                        0x08001255   0x7c  Code  Gb  lz77_init_single.o [4]
__iar_program_start     0x08001361         Code  Gb  cstartup_M.o [4]
__low_level_init        0x08001323    0x4  Code  Gb  low_level_init.o [3]
__vector_table          0x08000000         Data  Gb  startup_stm32f0xx.o [1]
_call_main              0x08001315         Code  Gb  cmain.o [4]
_exit                   0x08001331         Code  Gb  cexit.o [4]
_main                   0x0800131f         Code  Gb  cmain.o [4]
exit                    0x08001327    0x8  Code  Gb  exit.o [3]
get_in_io               0x08000529   0xb8  Code  Gb  main.o [1]
get_io1                 0x08000615    0xa  Code  Gb  main.o [1]
get_io2                 0x08000621   0x64  Code  Gb  main.o [1]
get_io3                 0x08000699    0x8  Code  Gb  main.o [1]
main                    0x080000c1   0x8c  Code  Gb  main.o [1]
set_io1                 0x08000351   0x50  Code  Gb  main.o [1]
set_io2                 0x0800046d   0xae  Code  Gb  main.o [1]
set_io3                 0x080003b1   0xae  Code  Gb  main.o [1]
set_io_default          0x080005e9   0x18  Code  Gb  main.o [1]
uid_add                 0x200000f8    0x1  Data  Gb  USART.o [1]
usart_error_cnt         0x200000f9    0x1  Data  Gb  USART.o [1]


[1] = C:\Projects\MarvinTester\Software\Project\EWARM\MARVIN_Input\Obj
[2] = command line
[3] = dl6M_tln.a
[4] = rt6M_tl.a
[5] = shb_l.a

  4 998 bytes of readonly  code memory
     75 bytes of readonly  data memory
  1 275 bytes of readwrite data memory

Errors: none
Warnings: none
